src/pages/traders/copy-trading.tsx(81,10): error TS2451: Cannot redeclare block-scoped variable 'topTraders'.
src/pages/traders/copy-trading.tsx(82,10): error TS2451: Cannot redeclare block-scoped variable 'myPositions'.
src/pages/traders/copy-trading.tsx(187,9): error TS2451: Cannot redeclare block-scoped variable 'topTraders'.
src/pages/traders/copy-trading.tsx(188,9): error TS2451: Cannot redeclare block-scoped variable 'myPositions'.
src/pages/unified-admin.tsx(879,32): error TS2339: Property 'data' does not exist on type 'unknown'.
src/pages/wallet-profile.tsx(144,32): error TS2339: Property 'address' does not exist on type 'StringRouteParams<undefined>'.
src/pages/wallet-profile.tsx(551,13): error TS2769: No overload matches this call.
  Overload 1 of 3, '(props: { href: string; } & ButtonOwnProps & Omit<ButtonBaseOwnProps, "classes"> & CommonProps & Omit<Omit<DetailedHTMLProps<AnchorHTMLAttributes<HTMLAnchorElement>, HTMLAnchorElement>, "ref"> & { ...; }, "children" | ... 24 more ... | "startIcon">): Element', gave the following error.
  Overload 2 of 3, '(props: { component: ElementType<any, keyof IntrinsicElements>; } & ButtonOwnProps & Omit<ButtonBaseOwnProps, "classes"> & CommonProps & Omit<...>): Element', gave the following error.
  Overload 3 of 3, '(props: DefaultComponentProps<ExtendButtonBaseTypeMap<ButtonTypeMap<{}, "button">>>): Element', gave the following error.
src/pages/wallet-profile.tsx(582,22): error TS2304: Cannot find name 'Badge'.
src/pages/wallet-profile.tsx(585,23): error TS2304: Cannot find name 'Badge'.
src/pages/wallet-profile.tsx(593,20): error TS2769: No overload matches this call.
  Overload 3 of 3, '(props: DefaultComponentProps<ExtendButtonBaseTypeMap<ButtonTypeMap<{}, "button">>>): Element', gave the following error.
  Overload 3 of 3, '(props: DefaultComponentProps<ExtendButtonBaseTypeMap<ButtonTypeMap<{}, "button">>>): Element', gave the following error.
src/pages/wallet-profile.tsx(647,14): error TS2304: Cannot find name 'CardHeader'.
src/pages/wallet-profile.tsx(648,16): error TS2304: Cannot find name 'CardTitle'.
src/pages/wallet-profile.tsx(652,20): error TS2304: Cannot find name 'Badge'.
src/pages/wallet-profile.tsx(655,21): error TS2304: Cannot find name 'Badge'.
src/pages/wallet-profile.tsx(657,17): error TS2304: Cannot find name 'CardTitle'.
src/pages/wallet-profile.tsx(658,15): error TS2304: Cannot find name 'CardHeader'.
src/pages/wallet-profile.tsx(824,28): error TS2769: No overload matches this call.
  Overload 3 of 3, '(props: DefaultComponentProps<ExtendButtonBaseTypeMap<ButtonTypeMap<{}, "button">>>): Element', gave the following error.
  Overload 3 of 3, '(props: DefaultComponentProps<ExtendButtonBaseTypeMap<ButtonTypeMap<{}, "button">>>): Element', gave the following error.
src/pages/wallet-profile.tsx(833,28): error TS2769: No overload matches this call.
  Overload 3 of 3, '(props: DefaultComponentProps<ExtendButtonBaseTypeMap<ButtonTypeMap<{}, "button">>>): Element', gave the following error.
  Overload 3 of 3, '(props: DefaultComponentProps<ExtendButtonBaseTypeMap<ButtonTypeMap<{}, "button">>>): Element', gave the following error.
src/pages/wallet-profile.tsx(858,14): error TS2304: Cannot find name 'CardHeader'.
src/pages/wallet-profile.tsx(859,16): error TS2304: Cannot find name 'CardTitle'.
src/pages/wallet-profile.tsx(862,17): error TS2304: Cannot find name 'CardTitle'.
src/pages/wallet-profile.tsx(863,15): error TS2304: Cannot find name 'CardHeader'.
src/pages/wallet-profile.tsx(891,12): error TS2304: Cannot find name 'TabsList'.
src/pages/wallet-profile.tsx(892,14): error TS2304: Cannot find name 'TabsTrigger'.
src/pages/wallet-profile.tsx(892,90): error TS2304: Cannot find name 'TabsTrigger'.
src/pages/wallet-profile.tsx(893,14): error TS2304: Cannot find name 'TabsTrigger'.
src/pages/wallet-profile.tsx(893,94): error TS2304: Cannot find name 'TabsTrigger'.
src/pages/wallet-profile.tsx(894,14): error TS2304: Cannot find name 'TabsTrigger'.
src/pages/wallet-profile.tsx(894,106): error TS2304: Cannot find name 'TabsTrigger'.
src/pages/wallet-profile.tsx(895,13): error TS2304: Cannot find name 'TabsList'.
src/pages/wallet-profile.tsx(897,12): error TS2304: Cannot find name 'TabsContent'.
src/pages/wallet-profile.tsx(1002,13): error TS2304: Cannot find name 'TabsContent'.
src/pages/wallet-profile.tsx(1004,12): error TS2304: Cannot find name 'TabsContent'.
src/pages/wallet-profile.tsx(1082,13): error TS2304: Cannot find name 'TabsContent'.
src/pages/wallet-profile.tsx(1084,12): error TS2304: Cannot find name 'TabsContent'.
src/pages/wallet-profile.tsx(1196,36): error TS2304: Cannot find name 'Badge'.
src/pages/wallet-profile.tsx(1198,37): error TS2304: Cannot find name 'Badge'.
src/pages/wallet-profile.tsx(1265,34): error TS2769: No overload matches this call.
  Overload 2 of 3, '(props: { component: ElementType<any, keyof IntrinsicElements>; } & ButtonOwnProps & Omit<ButtonBaseOwnProps, "classes"> & CommonProps & Omit<...>): Element', gave the following error.
  Overload 2 of 3, '(props: { component: ElementType<any, keyof IntrinsicElements>; } & ButtonOwnProps & Omit<ButtonBaseOwnProps, "classes"> & CommonProps & Omit<...>): Element', gave the following error.
src/pages/wallet-profile.tsx(1278,34): error TS2769: No overload matches this call.
  Overload 2 of 3, '(props: { component: ElementType<any, keyof IntrinsicElements>; } & ButtonOwnProps & Omit<ButtonBaseOwnProps, "classes"> & CommonProps & Omit<...>): Element', gave the following error.
  Overload 2 of 3, '(props: { component: ElementType<any, keyof IntrinsicElements>; } & ButtonOwnProps & Omit<ButtonBaseOwnProps, "classes"> & CommonProps & Omit<...>): Element', gave the following error.
src/pages/wallet-profile.tsx(1299,13): error TS2304: Cannot find name 'TabsContent'.
src/pages/weapon-detail.tsx(22,22): error TS18047: 'params' is possibly 'null'.
src/pages/xrp-wallet-redesigned.tsx(678,11): error TS2739: Type '{ name: string; logo: string; color: string; }' is missing the following properties from type '{ name: string; logo: string; color: string; explorerUrl: string; explorerTxPath: string; }': explorerUrl, explorerTxPath
src/utils/evmWalletConnect.ts(15,5): error TS2717: Subsequent property declarations must have the same type.  Property 'ethereum' must be of type 'Record<string, unknown>', but here has type 'any'.
src/utils/evmWalletConnect.ts(16,5): error TS2717: Subsequent property declarations must have the same type.  Property 'phantom' must be of type '{ solana?: any; }', but here has type '{ ethereum?: any; }'.
src/utils/evmWalletConnect.ts(29,67): error TS2339: Property 'ethereum' does not exist on type '{ solana?: any; }'.
src/utils/evmWalletConnect.ts(39,49): error TS2345: Argument of type 'Record<string, unknown>' is not assignable to parameter of type 'Eip1193Provider'.
src/utils/evmWalletConnect.ts(42,44): error TS2349: This expression is not callable.
src/utils/evmWalletConnect.ts(53,31): error TS2349: This expression is not callable.
src/utils/evmWalletConnect.ts(93,45): error TS2339: Property 'ethereum' does not exist on type '{ solana?: any; }'.
src/utils/evmWalletConnect.ts(166,25): error TS2349: This expression is not callable.
src/utils/evmWalletConnect.ts(176,25): error TS2339: Property 'ethereum' does not exist on type '{ solana?: any; }'.
src/utils/evmWalletConnect.ts(256,34): error TS2339: Property 'ethereum' does not exist on type '{ solana?: any; }'.
src/utils/evmWalletConnect.ts(275,58): error TS2339: Property 'ethereum' does not exist on type '{ solana?: any; }'.
src/utils/evmWalletConnect.ts(276,31): error TS2339: Property 'ethereum' does not exist on type '{ solana?: any; }'.
src/utils/evmWalletConnect.ts(296,58): error TS2339: Property 'ethereum' does not exist on type '{ solana?: any; }'.
src/utils/evmWalletConnect.ts(297,31): error TS2339: Property 'ethereum' does not exist on type '{ solana?: any; }'.
../server/address-book-routes.ts(157,8): error TS2769: No overload matches this call.
  Overload 1 of 2, '(value: { address: string | SQL<unknown> | Placeholder<string, any>; chain: string | SQL<unknown> | Placeholder<string, any>; user_handle: string | SQL<unknown> | Placeholder<...>; contact_name: string | ... 1 more ... | Placeholder<...>; }): PgInsertBase<...>', gave the following error.
  Overload 2 of 2, '(values: { address: string | SQL<unknown> | Placeholder<string, any>; chain: string | SQL<unknown> | Placeholder<string, any>; user_handle: string | SQL<unknown> | Placeholder<...>; contact_name: string | ... 1 more ... | Placeholder<...>; }[]): PgInsertBase<...>', gave the following error.
../server/ai-weapon-routes.ts(28,73): error TS2345: Argument of type '{ color?: "bronze" | "gold" | "silver" | "iron" | "crystal" | "steel" | "mithril" | "obsidian" | "adamantine"; rarity?: "legendary" | "epic" | "rare" | "common"; weaponType?: "sword" | ... 8 more ... | "crossbow"; techLevel?: "primitive" | ... 3 more ... | "magical"; armyColor?: "black" | ... 7 more ... | "yellow"; ...' is not assignable to parameter of type 'WeaponImageOptions'.
../server/ai-weapon-routes.ts(39,67): error TS2345: Argument of type '{ color?: "bronze" | "gold" | "silver" | "iron" | "crystal" | "steel" | "mithril" | "obsidian" | "adamantine"; rarity?: "legendary" | "epic" | "rare" | "common"; weaponType?: "sword" | ... 8 more ... | "crossbow"; techLevel?: "primitive" | ... 3 more ... | "magical"; armyColor?: "black" | ... 7 more ... | "yellow"; ...' is not assignable to parameter of type 'WeaponImageOptions'.
../server/ai-weapon-routes.ts(74,65): error TS2345: Argument of type '{ color?: "bronze" | "gold" | "silver" | "iron" | "crystal" | "steel" | "mithril" | "obsidian" | "adamantine"; rarity?: "legendary" | "epic" | "rare" | "common"; weaponType?: "sword" | ... 8 more ... | "crossbow"; techLevel?: "primitive" | ... 3 more ... | "magical"; armyColor?: "black" | ... 7 more ... | "yellow"; ...' is not assignable to parameter of type 'WeaponImageOptions'.
../server/ai-weapon-routes.ts(90,74): error TS2345: Argument of type '{ color?: "bronze" | "gold" | "silver" | "iron" | "crystal" | "steel" | "mithril" | "obsidian" | "adamantine"; rarity?: "legendary" | "epic" | "rare" | "common"; weaponType?: "sword" | ... 8 more ... | "crossbow"; techLevel?: "primitive" | ... 3 more ... | "magical"; armyColor?: "black" | ... 7 more ... | "yellow"; ...' is not assignable to parameter of type 'WeaponImageOptions[]'.
../server/amm-executor-service.ts(59,31): error TS2339: Property 'userHandle' does not exist on type 'PgTableWithColumns<{ name: "riddle_wallets"; schema: undefined; columns: { id: PgColumn<{ name: "id"; tableName: "riddle_wallets"; dataType: "string"; columnType: "PgText"; data: string; driverParam: string; notNull: true; ... 7 more ...; generated: undefined; }, {}, {}>; ... 15 more ...; updatedAt: PgColumn<...>; }...'.
../server/amm-executor-service.ts(62,40): error TS2551: Property 'encryptedPrivateKey' does not exist on type '{ id: string; handle: string; linkedWalletAddress: string; linkedWalletChain: string; masterPasswordHash: string; salt: string; encryptedSeedPhrase: string; encryptedPrivateKeys: Record<string, string>; ... 8 more ...; updatedAt: Date; }'. Did you mean 'encryptedPrivateKeys'?
../server/amm-executor-service.ts(62,77): error TS2339: Property 'encryptedIv' does not exist on type '{ id: string; handle: string; linkedWalletAddress: string; linkedWalletChain: string; masterPasswordHash: string; salt: string; encryptedSeedPhrase: string; encryptedPrivateKeys: Record<string, string>; ... 8 more ...; updatedAt: Date; }'.
../server/amm-executor-service.ts(67,51): error TS2551: Property 'encryptedPrivateKey' does not exist on type '{ id: string; handle: string; linkedWalletAddress: string; linkedWalletChain: string; masterPasswordHash: string; salt: string; encryptedSeedPhrase: string; encryptedPrivateKeys: Record<string, string>; ... 8 more ...; updatedAt: Date; }'. Did you mean 'encryptedPrivateKeys'?
../server/amm-executor-service.ts(67,85): error TS2339: Property 'encryptedIv' does not exist on type '{ id: string; handle: string; linkedWalletAddress: string; linkedWalletChain: string; masterPasswordHash: string; salt: string; encryptedSeedPhrase: string; encryptedPrivateKeys: Record<string, string>; ... 8 more ...; updatedAt: Date; }'.
../server/amm-executor-service.ts(88,42): error TS2339: Property 'trade_type' does not exist on type '{ id: string; config_id: string; tx_hash: string; chain: string; amount: string; fee_amount: string; status: string; error_message: string; executed_at: Date; }'.
../server/amm-executor-service.ts(206,50): error TS2769: No overload matches this call.
  Overload 1 of 2, '(value: { amount: string | SQL<unknown> | Placeholder<string, any>; chain: string | SQL<unknown> | Placeholder<string, any>; tx_hash: string | SQL<unknown> | Placeholder<...>; fee_amount: string | ... 1 more ... | Placeholder<...>; config_id: string | ... 1 more ... | Placeholder<...>; }): PgInsertBase<...>', gave the following error.
  Overload 2 of 2, '(values: { amount: string | SQL<unknown> | Placeholder<string, any>; chain: string | SQL<unknown> | Placeholder<string, any>; tx_hash: string | SQL<unknown> | Placeholder<...>; fee_amount: string | ... 1 more ... | Placeholder<...>; config_id: string | ... 1 more ... | Placeholder<...>; }[]): PgInsertBase<...>', gave the following error.
../server/amm-executor-service.ts(208,30): error TS2339: Property 'strategy' does not exist on type '{ id: string; project_id: string; riddle_handle: string; chain: string; base_token: string; quote_token: string; payment_amount: string; payment_frequency: string; frequency_minutes: number; ... 11 more ...; updated_at: Date; }'.
../server/amm-executor-service.ts(209,30): error TS2339: Property 'strategy' does not exist on type '{ id: string; project_id: string; riddle_handle: string; chain: string; base_token: string; quote_token: string; payment_amount: string; payment_frequency: string; frequency_minutes: number; ... 11 more ...; updated_at: Date; }'.
../server/analytics-routes.ts(448,63): error TS2339: Property 'warmMetadataCache' does not exist on type 'TokenMetadataService'.
../server/analytics-routes.ts(449,53): error TS2339: Property 'warmMetadataCache' does not exist on type 'TokenMetadataService'.
../server/asset-ingestion-routes.ts(319,30): error TS2339: Property 'project_name' does not exist on type '{ status: string; description: string; logo_url: string; banner_url: string; social_links: Record<string, string>; id: string; name: string; ownerWalletAddress: string; projectType: string; ... 34 more ...; updatedAt: Date; }'.
../server/asset-ingestion-routes.ts(414,36): error TS2339: Property 'project_name' does not exist on type '{ status: string; description: string; logo_url: string; banner_url: string; social_links: Record<string, string>; id: string; name: string; ownerWalletAddress: string; projectType: string; ... 34 more ...; updatedAt: Date; }'.
../server/battle-system-routes.ts(399,54): error TS2769: No overload matches this call.
  Overload 1 of 2, '(value: { nft_id: string | SQL<unknown> | Placeholder<string, any>; squadron_id: string | SQL<unknown> | Placeholder<string, any>; }): PgInsertBase<PgTableWithColumns<{ name: "squadron_nfts"; schema: undefined; columns: { ...; }; dialect: "pg"; }>, ... 4 more ..., never>', gave the following error.
  Overload 2 of 2, '(values: { nft_id: string | SQL<unknown> | Placeholder<string, any>; squadron_id: string | SQL<unknown> | Placeholder<string, any>; }[]): PgInsertBase<PgTableWithColumns<{ name: "squadron_nfts"; schema: undefined; columns: { ...; }; dialect: "pg"; }>, ... 4 more ..., never>', gave the following error.
../server/battle-system-routes.ts(556,22): error TS2339: Property 'is_public' does not exist on type 'PgTableWithColumns<{ name: "squadrons"; schema: undefined; columns: { id: PgColumn<{ name: "id"; tableName: "squadrons"; dataType: "string"; columnType: "PgText"; data: string; driverParam: string; notNull: true; hasDefault: true; ... 6 more ...; generated: undefined; }, {}, {}>; ... 18 more ...; updated_at: PgColum...'.
../server/battle-system-routes.ts(633,16): error TS2339: Property 'is_public' does not exist on type '{ created_at: Date; description: string; id: string; name: string; updated_at: Date; total_power: string; battles_won: number; battles_lost: number; player_id: string; squadron_type: string; ... 10 more ...; player: { ...; }[]; }'.
../server/battle-system-routes.ts(677,54): error TS2769: No overload matches this call.
  Overload 1 of 2, '(value: { nft_id: string | SQL<unknown> | Placeholder<string, any>; squadron_id: string | SQL<unknown> | Placeholder<string, any>; }): PgInsertBase<PgTableWithColumns<{ name: "squadron_nfts"; schema: undefined; columns: { ...; }; dialect: "pg"; }>, ... 4 more ..., never>', gave the following error.
  Overload 2 of 2, '(values: { nft_id: string | SQL<unknown> | Placeholder<string, any>; squadron_id: string | SQL<unknown> | Placeholder<string, any>; }[]): PgInsertBase<PgTableWithColumns<{ name: "squadron_nfts"; schema: undefined; columns: { ...; }; dialect: "pg"; }>, ... 4 more ..., never>', gave the following error.
../server/battle-system-routes.ts(946,51): error TS2339: Property 'user_handle' does not exist on type '{ [x: string]: any; }[]'.
../server/battle-system-routes.ts(2312,56): error TS2769: No overload matches this call.
  Overload 1 of 2, '(value: { name: string | SQL<unknown> | Placeholder<string, any>; combat_type: string | SQL<unknown> | Placeholder<string, any>; tournament_type: string | SQL<...> | Placeholder<...>; registration_opens: Date | ... 1 more ... | Placeholder<...>; registration_closes: Date | ... 1 more ... | Placeholder<...>; starts_at: Date | ... 1 more ... | Placeholder<...>; created_by: string | ... 1 more ... | Placeholder<...>; }): PgInsertBase<...>', gave the following error.
  Overload 2 of 2, '(values: { name: string | SQL<unknown> | Placeholder<string, any>; combat_type: string | SQL<unknown> | Placeholder<string, any>; tournament_type: string | SQL<...> | Placeholder<...>; registration_opens: Date | ... 1 more ... | Placeholder<...>; registration_closes: Date | ... 1 more ... | Placeholder<...>; starts_at: Date | ... 1 more ... | Placeholder<...>; created_by: string | ... 1 more ... | Placeholder<...>; }[]): PgInsertBase<...>', gave the following error.
../server/bithomp-nft-ingestion.ts(148,35): error TS2769: No overload matches this call.
  Overload 1 of 2, '(value: { nft_id: string | SQL<unknown> | Placeholder<string, any>; token_id: string | SQL<unknown> | Placeholder<string, any>; collection_id: string | SQL<...> | Placeholder<...>; }): PgInsertBase<...>', gave the following error.
  Overload 2 of 2, '(values: { nft_id: string | SQL<unknown> | Placeholder<string, any>; token_id: string | SQL<unknown> | Placeholder<string, any>; collection_id: string | SQL<...> | Placeholder<...>; }[]): PgInsertBase<...>', gave the following error.
../server/bridge-audit-tool.ts(5,10): error TS2724: '"../shared/schema"' has no exported member named 'bridgePayloads'. Did you mean 'bridge_payloads'?
../server/bridge-handlers/btc-handler.ts(50,59): error TS2339: Property 'default' does not exist on type 'typeof import("C:/Users/E-Store/Desktop/riddlezip/riddle-main/node_modules/tiny-secp256k1/lib/index")'.
../server/bridge-handlers/database.ts(4,33): error TS2307: Cannot find module '../shared/schema' or its corresponding type declarations.
../server/bridge-verification-service.ts(522,15): error TS2353: Object literal may only specify known properties, and 'status' does not exist in type '{ uuid?: string | SQL<unknown> | PgColumn<ColumnBaseConfig<ColumnDataType, string>, {}, {}>; transaction_id?: string | SQL<unknown> | PgColumn<...>; }'.
../server/bridge/btc-bridge.ts(156,11): error TS2353: Object literal may only specify known properties, and 'status' does not exist in type '{ uuid?: string | SQL<unknown> | PgColumn<ColumnBaseConfig<ColumnDataType, string>, {}, {}>; transaction_id?: string | SQL<unknown> | PgColumn<...>; }'.
../server/bridge/dynamic-bridge-completion.ts(208,17): error TS2353: Object literal may only specify known properties, and 'status' does not exist in type '{ uuid?: string | SQL<unknown> | PgColumn<ColumnBaseConfig<ColumnDataType, string>, {}, {}>; transaction_id?: string | SQL<unknown> | PgColumn<...>; }'.
../server/bridge/dynamic-bridge-completion.ts(297,17): error TS2353: Object literal may only specify known properties, and 'status' does not exist in type '{ uuid?: string | SQL<unknown> | PgColumn<ColumnBaseConfig<ColumnDataType, string>, {}, {}>; transaction_id?: string | SQL<unknown> | PgColumn<...>; }'.
../server/bridge/dynamic-bridge-completion.ts(388,17): error TS2353: Object literal may only specify known properties, and 'status' does not exist in type '{ uuid?: string | SQL<unknown> | PgColumn<ColumnBaseConfig<ColumnDataType, string>, {}, {}>; transaction_id?: string | SQL<unknown> | PgColumn<...>; }'.
../server/bridge/dynamic-bridge-completion.ts(477,17): error TS2353: Object literal may only specify known properties, and 'status' does not exist in type '{ uuid?: string | SQL<unknown> | PgColumn<ColumnBaseConfig<ColumnDataType, string>, {}, {}>; transaction_id?: string | SQL<unknown> | PgColumn<...>; }'.
../server/bridge/xrpl-bridge.ts(95,40): error TS2769: No overload matches this call.
  Overload 1 of 2, '(value: { uuid: string | SQL<unknown> | Placeholder<string, any>; transaction_id: string | SQL<unknown> | Placeholder<string, any>; }): PgInsertBase<PgTableWithColumns<{ name: "bridge_payloads"; schema: undefined; columns: { ...; }; dialect: "pg"; }>, ... 4 more ..., never>', gave the following error.
  Overload 2 of 2, '(values: { uuid: string | SQL<unknown> | Placeholder<string, any>; transaction_id: string | SQL<unknown> | Placeholder<string, any>; }[]): PgInsertBase<PgTableWithColumns<{ name: "bridge_payloads"; schema: undefined; columns: { ...; }; dialect: "pg"; }>, ... 4 more ..., never>', gave the following error.
../server/broker-mint-devtools-routes.ts(81,39): error TS2769: No overload matches this call.
  Overload 1 of 2, '(value: { id: string | SQL<unknown> | Placeholder<string, any>; totalAmount: string | SQL<unknown> | Placeholder<string, any>; brokerFee: string | SQL<unknown> | Placeholder<...>; platformType: string | ... 1 more ... | Placeholder<...>; buyerAddress: string | ... 1 more ... | Placeholder<...>; mintCost: string | ... 1 more ... | Placeholder<...>; }): PgInsertBase<...>', gave the following error.
  Overload 2 of 2, '(values: { id: string | SQL<unknown> | Placeholder<string, any>; totalAmount: string | SQL<unknown> | Placeholder<string, any>; brokerFee: string | SQL<unknown> | Placeholder<...>; platformType: string | ... 1 more ... | Placeholder<...>; buyerAddress: string | ... 1 more ... | Placeholder<...>; mintCost: string | ... 1 more ... | Placeholder<...>; }[]): PgInsertBase<...>', gave the following error.
../server/broker-mint-external-routes.ts(94,39): error TS2769: No overload matches this call.
  Overload 1 of 2, '(value: { id: string | SQL<unknown> | Placeholder<string, any>; totalAmount: string | SQL<unknown> | Placeholder<string, any>; brokerFee: string | SQL<unknown> | Placeholder<...>; platformType: string | ... 1 more ... | Placeholder<...>; buyerAddress: string | ... 1 more ... | Placeholder<...>; mintCost: string | ... 1 more ... | Placeholder<...>; }): PgInsertBase<...>', gave the following error.
  Overload 2 of 2, '(values: { id: string | SQL<unknown> | Placeholder<string, any>; totalAmount: string | SQL<unknown> | Placeholder<string, any>; brokerFee: string | SQL<unknown> | Placeholder<...>; platformType: string | ... 1 more ... | Placeholder<...>; buyerAddress: string | ... 1 more ... | Placeholder<...>; mintCost: string | ... 1 more ... | Placeholder<...>; }[]): PgInsertBase<...>', gave the following error.
../server/broker-offer-service.ts(188,38): error TS2345: Argument of type 'number' is not assignable to parameter of type 'string'.
../server/broker-offer-service.ts(189,37): error TS2345: Argument of type 'number' is not assignable to parameter of type 'string'.
../server/broker-offer-service.ts(190,37): error TS2345: Argument of type 'number' is not assignable to parameter of type 'string'.
../server/broker-offer-service.ts(193,58): error TS2769: No overload matches this call.
  Overload 1 of 2, '(value: { nft_token_id: string | SQL<unknown> | Placeholder<string, any>; broker_fee: string | SQL<unknown> | Placeholder<string, any>; transaction_hash: string | ... 1 more ... | Placeholder<...>; buyer_address: string | ... 1 more ... | Placeholder<...>; seller_address: string | ... 1 more ... | Placeholder<...>; sale_price: string | ... 1 more ... | Placeholder<...>; total_amount: string | ... 1 more ... | Placeholder<...>; }): PgInsertBase<...>', gave the following error.
  Overload 2 of 2, '(values: { nft_token_id: string | SQL<unknown> | Placeholder<string, any>; broker_fee: string | SQL<unknown> | Placeholder<string, any>; transaction_hash: string | ... 1 more ... | Placeholder<...>; buyer_address: string | ... 1 more ... | Placeholder<...>; seller_address: string | ... 1 more ... | Placeholder<...>; sale_price: string | ... 1 more ... | Placeholder<...>; total_amount: string | ... 1 more ... | Placeholder<...>; }[]): PgInsertBase<...>', gave the following error.
../server/broker-offer-service.ts(213,40): error TS2769: No overload matches this call.
  Overload 1 of 2, '(value: { user_handle: string | SQL<unknown> | Placeholder<string, any>; wallet_address: string | SQL<unknown> | Placeholder<string, any>; operation_type: string | ... 1 more ... | Placeholder<...>; ... 6 more ...; reward_usd_value: string | ... 1 more ... | Placeholder<...>; }): PgInsertBase<...>', gave the following error.
  Overload 2 of 2, '(values: { user_handle: string | SQL<unknown> | Placeholder<string, any>; wallet_address: string | SQL<unknown> | Placeholder<string, any>; operation_type: string | ... 1 more ... | Placeholder<...>; ... 6 more ...; reward_usd_value: string | ... 1 more ... | Placeholder<...>; }[]): PgInsertBase<...>', gave the following error.
../server/broker-offer-service.ts(229,32): error TS2769: No overload matches this call.
  Overload 1 of 2, '(value: { description: string | SQL<unknown> | Placeholder<string, any>; amount: string | SQL<unknown> | Placeholder<string, any>; user_handle: string | SQL<...> | Placeholder<...>; ... 4 more ...; usd_value: string | ... 1 more ... | Placeholder<...>; }): PgInsertBase<...>', gave the following error.
  Overload 2 of 2, '(values: { description: string | SQL<unknown> | Placeholder<string, any>; amount: string | SQL<unknown> | Placeholder<string, any>; user_handle: string | SQL<...> | Placeholder<...>; ... 4 more ...; usd_value: string | ... 1 more ... | Placeholder<...>; }[]): PgInsertBase<...>', gave the following error.
../server/broker-routes.ts(509,37): error TS2769: No overload matches this call.
  Overload 1 of 2, '(value: { id: string | SQL<unknown> | Placeholder<string, any>; nftTokenId: string | SQL<unknown> | Placeholder<string, any>; userAddress: string | SQL<unknown> | Placeholder<...>; nftOwner: string | ... 1 more ... | Placeholder<...>; escrowAmount: string | ... 1 more ... | Placeholder<...>; brokerFee: string | ... 1 more ... | Placeholder<...>; sellerAmount: string | ... 1 more ... | Placeholder<...>; }): PgInsertBase<...>', gave the following error.
  Overload 2 of 2, '(values: { id: string | SQL<unknown> | Placeholder<string, any>; nftTokenId: string | SQL<unknown> | Placeholder<string, any>; userAddress: string | SQL<unknown> | Placeholder<...>; nftOwner: string | ... 1 more ... | Placeholder<...>; escrowAmount: string | ... 1 more ... | Placeholder<...>; brokerFee: string | ... 1 more ... | Placeholder<...>; sellerAmount: string | ... 1 more ... | Placeholder<...>; }[]): PgInsertBase<...>', gave the following error.
../server/broker-routes.ts(591,20): error TS2339: Property 'TransactionType' does not exist on type 'Transaction | (BaseTxResult<2, Transaction> & { tx_json: Transaction; })'.
../server/broker-routes.ts(626,11): error TS2345: Argument of type 'number' is not assignable to parameter of type 'string'.
../server/broker-routes.ts(1001,43): error TS2769: No overload matches this call.
  Overload 1 of 2, '(value: { nft_token_id: string | SQL<unknown> | Placeholder<string, any>; broker_fee: string | SQL<unknown> | Placeholder<string, any>; transaction_hash: string | ... 1 more ... | Placeholder<...>; buyer_address: string | ... 1 more ... | Placeholder<...>; seller_address: string | ... 1 more ... | Placeholder<...>; sale_price: string | ... 1 more ... | Placeholder<...>; total_amount: string | ... 1 more ... | Placeholder<...>; }): PgInsertBase<...>', gave the following error.
  Overload 2 of 2, '(values: { nft_token_id: string | SQL<unknown> | Placeholder<string, any>; broker_fee: string | SQL<unknown> | Placeholder<string, any>; transaction_hash: string | ... 1 more ... | Placeholder<...>; buyer_address: string | ... 1 more ... | Placeholder<...>; seller_address: string | ... 1 more ... | Placeholder<...>; sale_price: string | ... 1 more ... | Placeholder<...>; total_amount: string | ... 1 more ... | Placeholder<...>; }[]): PgInsertBase<...>', gave the following error.
../server/broker-routes.ts(1204,37): error TS2345: Argument of type 'number' is not assignable to parameter of type 'string'.
../server/broker-routes.ts(1256,11): error TS2741: Property 'where' is missing in type 'Omit<import("C:/Users/E-Store/Desktop/riddlezip/riddle-main/node_modules/drizzle-orm/pg-core/query-builders/select").PgSelectBase<"broker_nft_sales", { id: import("C:/Users/E-Store/Desktop/riddlezip/riddle-main/node_modules/drizzle-orm/pg-core/columns/common").PgColumn<{ name: "id"; tableName: "broker_nft_sales"; da...' but required in type 'Omit<import("C:/Users/E-Store/Desktop/riddlezip/riddle-main/node_modules/drizzle-orm/pg-core/query-builders/select").PgSelectBase<"broker_nft_sales", { id: import("C:/Users/E-Store/Desktop/riddlezip/riddle-main/node_modules/drizzle-orm/pg-core/columns/common").PgColumn<{ name: "id"; tableName: "broker_nft_sales"; da...'.
../server/cdn-routes.ts(73,5): error TS2322: Type '{ variant?: "original" | "512px" | "256px" | "thumbnails"; hash?: string; filename?: string; bucket?: "metadata" | "images" | "documents" | "videos"; }' is not assignable to type '{ bucket: string; hash: string; variant: string; filename: string; }'.
../server/copy-trading-routes.ts(179,11): error TS2769: No overload matches this call.
  Overload 1 of 2, '(value: { name: string | SQL<unknown> | Placeholder<string, any>; userId: string | SQL<unknown> | Placeholder<string, any>; }): PgInsertBase<PgTableWithColumns<{ name: "copy_trading_profiles"; schema: undefined; columns: { ...; }; dialect: "pg"; }>, ... 4 more ..., never>', gave the following error.
  Overload 2 of 2, '(values: { name: string | SQL<unknown> | Placeholder<string, any>; userId: string | SQL<unknown> | Placeholder<string, any>; }[]): PgInsertBase<PgTableWithColumns<{ name: "copy_trading_profiles"; schema: undefined; columns: { ...; }; dialect: "pg"; }>, ... 4 more ..., never>', gave the following error.
../server/copy-trading-routes.ts(294,9): error TS2769: No overload matches this call.
  Overload 1 of 2, '(value: { copyAmount: string | SQL<unknown> | Placeholder<string, any>; traderId: string | SQL<unknown> | Placeholder<string, any>; followerId: string | SQL<...> | Placeholder<...>; }): PgInsertBase<...>', gave the following error.
  Overload 2 of 2, '(values: { copyAmount: string | SQL<unknown> | Placeholder<string, any>; traderId: string | SQL<unknown> | Placeholder<string, any>; followerId: string | SQL<...> | Placeholder<...>; }[]): PgInsertBase<...>', gave the following error.
../server/copy-trading-routes.ts(307,9): error TS2353: Object literal may only specify known properties, and 'followerCount' does not exist in type '{ name?: string | SQL<unknown> | PgColumn<ColumnBaseConfig<ColumnDataType, string>, {}, {}>; userId?: string | SQL<unknown> | PgColumn<ColumnBaseConfig<ColumnDataType, string>, {}, {}>; }'.
../server/copy-trading-routes.ts(369,9): error TS2353: Object literal may only specify known properties, and 'followerCount' does not exist in type '{ name?: string | SQL<unknown> | PgColumn<ColumnBaseConfig<ColumnDataType, string>, {}, {}>; userId?: string | SQL<unknown> | PgColumn<ColumnBaseConfig<ColumnDataType, string>, {}, {}>; }'.
../server/devtools-endpoints.ts(56,21): error TS2551: Property 'linked_wallet_address' does not exist on type '{ id: string; handle: string; linkedWalletAddress: string; linkedWalletChain: string; masterPasswordHash: string; salt: string; encryptedSeedPhrase: string; encryptedPrivateKeys: Record<string, string>; ... 8 more ...; updatedAt: Date; }'. Did you mean 'linkedWalletAddress'?
../server/devtools-endpoints.ts(56,57): error TS2551: Property 'linked_wallet_chain' does not exist on type '{ id: string; handle: string; linkedWalletAddress: string; linkedWalletChain: string; masterPasswordHash: string; salt: string; encryptedSeedPhrase: string; encryptedPrivateKeys: Record<string, string>; ... 8 more ...; updatedAt: Date; }'. Did you mean 'linkedWalletChain'?
../server/devtools-endpoints.ts(57,40): error TS2551: Property 'linked_wallet_address' does not exist on type '{ id: string; handle: string; linkedWalletAddress: string; linkedWalletChain: string; masterPasswordHash: string; salt: string; encryptedSeedPhrase: string; encryptedPrivateKeys: Record<string, string>; ... 8 more ...; updatedAt: Date; }'. Did you mean 'linkedWalletAddress'?
../server/devtools-endpoints.ts(58,70): error TS2551: Property 'linked_wallet_address' does not exist on type '{ id: string; handle: string; linkedWalletAddress: string; linkedWalletChain: string; masterPasswordHash: string; salt: string; encryptedSeedPhrase: string; encryptedPrivateKeys: Record<string, string>; ... 8 more ...; updatedAt: Date; }'. Did you mean 'linkedWalletAddress'?
../server/devtools-endpoints.ts(119,64): error TS2769: No overload matches this call.
  Overload 1 of 2, '(value: { name: string | SQL<unknown> | Placeholder<string, any>; ownerWalletAddress: string | SQL<unknown> | Placeholder<string, any>; projectType: string | SQL<...> | Placeholder<...>; }): PgInsertBase<...>', gave the following error.
  Overload 2 of 2, '(values: { name: string | SQL<unknown> | Placeholder<string, any>; ownerWalletAddress: string | SQL<unknown> | Placeholder<string, any>; projectType: string | SQL<...> | Placeholder<...>; }[]): PgInsertBase<...>', gave the following error.
../server/devtools-endpoints.ts(476,56): error TS2769: No overload matches this call.
  Overload 1 of 2, '(value: { chain: string | SQL<unknown> | Placeholder<string, any>; airdrop_type: string | SQL<unknown> | Placeholder<string, any>; creator_address: string | SQL<...> | Placeholder<...>; }): PgInsertBase<...>', gave the following error.
  Overload 2 of 2, '(values: { chain: string | SQL<unknown> | Placeholder<string, any>; airdrop_type: string | SQL<unknown> | Placeholder<string, any>; creator_address: string | SQL<...> | Placeholder<...>; }[]): PgInsertBase<...>', gave the following error.
../server/devtools-endpoints.ts(491,57): error TS2769: No overload matches this call.
  Overload 1 of 2, '(value: { amount_usd: string | SQL<unknown> | Placeholder<string, any>; payment_method: string | SQL<unknown> | Placeholder<string, any>; riddle_handle: string | ... 1 more ... | Placeholder<...>; service_type: string | ... 1 more ... | Placeholder<...>; payment_model: string | ... 1 more ... | Placeholder<...>; }): PgInsertBase<...>', gave the following error.
  Overload 2 of 2, '(values: { amount_usd: string | SQL<unknown> | Placeholder<string, any>; payment_method: string | SQL<unknown> | Placeholder<string, any>; riddle_handle: string | ... 1 more ... | Placeholder<...>; service_type: string | ... 1 more ... | Placeholder<...>; payment_model: string | ... 1 more ... | Placeholder<...>; }[]): PgInsertBase<...>', gave the following error.
../server/devtools-endpoints.ts(610,57): error TS2769: No overload matches this call.
  Overload 1 of 2, '(value: { amount_usd: string | SQL<unknown> | Placeholder<string, any>; payment_method: string | SQL<unknown> | Placeholder<string, any>; riddle_handle: string | ... 1 more ... | Placeholder<...>; service_type: string | ... 1 more ... | Placeholder<...>; payment_model: string | ... 1 more ... | Placeholder<...>; }): PgInsertBase<...>', gave the following error.
  Overload 2 of 2, '(values: { amount_usd: string | SQL<unknown> | Placeholder<string, any>; payment_method: string | SQL<unknown> | Placeholder<string, any>; riddle_handle: string | ... 1 more ... | Placeholder<...>; service_type: string | ... 1 more ... | Placeholder<...>; payment_model: string | ... 1 more ... | Placeholder<...>; }[]): PgInsertBase<...>', gave the following error.
../server/devtools-endpoints.ts(724,60): error TS2769: No overload matches this call.
  Overload 1 of 2, '(value: { project_id: string | SQL<unknown> | Placeholder<string, any>; start_date: Date | SQL<unknown> | Placeholder<string, any>; end_date: Date | SQL<...> | Placeholder<...>; price_usd: string | ... 1 more ... | Placeholder<...>; duration_days: number | ... 1 more ... | Placeholder<...>; riddle_handle: string | ... 1 more ... | Placeholder<...>; promotion_type: string | ... 1 more ... | Placeholder<...>; }): PgInsertBase<...>', gave the following error.
  Overload 2 of 2, '(values: { project_id: string | SQL<unknown> | Placeholder<string, any>; start_date: Date | SQL<unknown> | Placeholder<string, any>; end_date: Date | SQL<...> | Placeholder<...>; price_usd: string | ... 1 more ... | Placeholder<...>; duration_days: number | ... 1 more ... | Placeholder<...>; riddle_handle: string | ... 1 more ... | Placeholder<...>; promotion_type: string | ... 1 more ... | Placeholder<...>; }[]): PgInsertBase<...>', gave the following error.
../server/devtools-endpoints.ts(742,57): error TS2769: No overload matches this call.
  Overload 1 of 2, '(value: { amount_usd: string | SQL<unknown> | Placeholder<string, any>; payment_method: string | SQL<unknown> | Placeholder<string, any>; riddle_handle: string | ... 1 more ... | Placeholder<...>; service_type: string | ... 1 more ... | Placeholder<...>; payment_model: string | ... 1 more ... | Placeholder<...>; }): PgInsertBase<...>', gave the following error.
  Overload 2 of 2, '(values: { amount_usd: string | SQL<unknown> | Placeholder<string, any>; payment_method: string | SQL<unknown> | Placeholder<string, any>; riddle_handle: string | ... 1 more ... | Placeholder<...>; service_type: string | ... 1 more ... | Placeholder<...>; payment_model: string | ... 1 more ... | Placeholder<...>; }[]): PgInsertBase<...>', gave the following error.
../server/devtools-endpoints.ts(971,7): error TS2769: No overload matches this call.
  Overload 1 of 2, '(value: { project_id: string | SQL<unknown> | Placeholder<string, any>; chain: string | SQL<unknown> | Placeholder<string, any>; payment_amount: string | SQL<...> | Placeholder<...>; riddle_handle: string | ... 1 more ... | Placeholder<...>; base_token: string | ... 1 more ... | Placeholder<...>; quote_token: string | ... 1 more ... | Placeholder<...>; payment_frequency: string | ... 1 more ... | Placeholder<...>; }): PgInsertBase<...>', gave the following error.
  Overload 2 of 2, '(values: { project_id: string | SQL<unknown> | Placeholder<string, any>; chain: string | SQL<unknown> | Placeholder<string, any>; payment_amount: string | SQL<...> | Placeholder<...>; riddle_handle: string | ... 1 more ... | Placeholder<...>; base_token: string | ... 1 more ... | Placeholder<...>; quote_token: string | ... 1 more ... | Placeholder<...>; payment_frequency: string | ... 1 more ... | Placeholder<...>; }[]): PgInsertBase<...>', gave the following error.
../server/devtools-endpoints.ts(1343,14): error TS2769: No overload matches this call.
  Overload 1 of 3, '(left: PgColumn<{ name: "id"; tableName: "devtools_projects"; dataType: "string"; columnType: "PgText"; data: string; driverParam: string; notNull: true; hasDefault: true; isPrimaryKey: true; isAutoincrement: false; ... 4 more ...; generated: undefined; }, {}, {}>, right: string | SQLWrapper): SQL<...>', gave the following error.
  Overload 2 of 3, '(left: Aliased<number>, right: number | SQLWrapper): SQL<unknown>', gave the following error.
  Overload 3 of 3, '(left: never, right: unknown): SQL<unknown>', gave the following error.
../server/devtools-endpoints.ts(1363,14): error TS2769: No overload matches this call.
  Overload 1 of 3, '(left: PgColumn<{ name: "project_id"; tableName: "enhanced_project_subscriptions"; dataType: "string"; columnType: "PgText"; data: string; driverParam: string; notNull: true; hasDefault: false; isPrimaryKey: false; ... 5 more ...; generated: undefined; }, {}, {}>, right: string | SQLWrapper): SQL<...>', gave the following error.
  Overload 2 of 3, '(left: Aliased<number>, right: number | SQLWrapper): SQL<unknown>', gave the following error.
  Overload 3 of 3, '(left: never, right: unknown): SQL<unknown>', gave the following error.
../server/devtools-endpoints.ts(1369,14): error TS2769: No overload matches this call.
  Overload 1 of 3, '(left: PgColumn<{ name: "project_id"; tableName: "devtools_payments"; dataType: "string"; columnType: "PgText"; data: string; driverParam: string; notNull: false; hasDefault: false; isPrimaryKey: false; ... 5 more ...; generated: undefined; }, {}, {}>, right: string | SQLWrapper): SQL<...>', gave the following error.
  Overload 2 of 3, '(left: Aliased<number>, right: number | SQLWrapper): SQL<unknown>', gave the following error.
  Overload 3 of 3, '(left: never, right: unknown): SQL<unknown>', gave the following error.
../server/devtools-endpoints.ts(1371,73): error TS2339: Property 'amount' does not exist on type '{ id: string; riddle_handle: string; project_id: string; service_type: string; service_id: string; payment_model: string; amount_usd: string; amount_paid_token: string; amount_paid: string; ... 15 more ...; updated_at: Date; }'.
../server/devtools-endpoints.ts(1372,49): error TS2339: Property 'status' does not exist on type '{ id: string; riddle_handle: string; project_id: string; service_type: string; service_id: string; payment_model: string; amount_usd: string; amount_paid_token: string; amount_paid: string; ... 15 more ...; updated_at: Date; }'.
../server/devtools-endpoints.ts(1373,52): error TS2339: Property 'status' does not exist on type '{ id: string; riddle_handle: string; project_id: string; service_type: string; service_id: string; payment_model: string; amount_usd: string; amount_paid_token: string; amount_paid: string; ... 15 more ...; updated_at: Date; }'.
../server/devtools-endpoints.ts(1379,28): error TS2339: Property 'project_id' does not exist on type 'PgTableWithColumns<{ name: "devtool_airdrops"; schema: undefined; columns: { id: PgColumn<{ name: "id"; tableName: "devtool_airdrops"; dataType: "string"; columnType: "PgText"; data: string; driverParam: string; notNull: true; ... 7 more ...; generated: undefined; }, {}, {}>; ... 16 more ...; launched_at: PgColumn<....'.
../server/devtools-endpoints.ts(1387,44): error TS2339: Property 'tier' does not exist on type '{ id: string; project_id: string; subscription_tier: string; can_add_extended_fields: boolean; verified_badge: boolean; can_override_bithomp: boolean; can_use_cdn: boolean; can_ingestion_jobs: boolean; ... 24 more ...; cancelled_at: Date; }'.
../server/devtools-endpoints.ts(1388,46): error TS2339: Property 'status' does not exist on type '{ id: string; project_id: string; subscription_tier: string; can_add_extended_fields: boolean; verified_badge: boolean; can_override_bithomp: boolean; can_use_cdn: boolean; can_ingestion_jobs: boolean; ... 24 more ...; cancelled_at: Date; }'.
../server/devtools-endpoints.ts(1416,14): error TS2769: No overload matches this call.
  Overload 1 of 3, '(left: PgColumn<{ name: "id"; tableName: "devtools_projects"; dataType: "string"; columnType: "PgText"; data: string; driverParam: string; notNull: true; hasDefault: true; isPrimaryKey: true; isAutoincrement: false; ... 4 more ...; generated: undefined; }, {}, {}>, right: string | SQLWrapper): SQL<...>', gave the following error.
  Overload 2 of 3, '(left: Aliased<number>, right: number | SQLWrapper): SQL<unknown>', gave the following error.
  Overload 3 of 3, '(left: never, right: unknown): SQL<unknown>', gave the following error.
../server/devtools-endpoints.ts(1435,14): error TS2769: No overload matches this call.
  Overload 1 of 3, '(left: PgColumn<{ name: "project_id"; tableName: "devtools_payments"; dataType: "string"; columnType: "PgText"; data: string; driverParam: string; notNull: false; hasDefault: false; isPrimaryKey: false; ... 5 more ...; generated: undefined; }, {}, {}>, right: string | SQLWrapper): SQL<...>', gave the following error.
  Overload 2 of 3, '(left: Aliased<number>, right: number | SQLWrapper): SQL<unknown>', gave the following error.
  Overload 3 of 3, '(left: never, right: unknown): SQL<unknown>', gave the following error.
../server/devtools-endpoints.ts(1440,106): error TS2339: Property 'amount' does not exist on type '{ id: string; riddle_handle: string; project_id: string; service_type: string; service_id: string; payment_model: string; amount_usd: string; amount_paid_token: string; amount_paid: string; ... 15 more ...; updated_at: Date; }'.
../server/devtools-endpoints.ts(1441,108): error TS2339: Property 'amount' does not exist on type '{ id: string; riddle_handle: string; project_id: string; service_type: string; service_id: string; payment_model: string; amount_usd: string; amount_paid_token: string; amount_paid: string; ... 15 more ...; updated_at: Date; }'.
../server/devtools-endpoints.ts(1442,110): error TS2339: Property 'amount' does not exist on type '{ id: string; riddle_handle: string; project_id: string; service_type: string; service_id: string; payment_model: string; amount_usd: string; amount_paid_token: string; amount_paid: string; ... 15 more ...; updated_at: Date; }'.
../server/devtools-endpoints.ts(1443,116): error TS2339: Property 'amount' does not exist on type '{ id: string; riddle_handle: string; project_id: string; service_type: string; service_id: string; payment_model: string; amount_usd: string; amount_paid_token: string; amount_paid: string; ... 15 more ...; updated_at: Date; }'.
../server/devtools-endpoints.ts(1444,61): error TS2339: Property 'amount' does not exist on type '{ id: string; riddle_handle: string; project_id: string; service_type: string; service_id: string; payment_model: string; amount_usd: string; amount_paid_token: string; amount_paid: string; ... 15 more ...; updated_at: Date; }'.
../server/devtools-endpoints.ts(1456,73): error TS2339: Property 'status' does not exist on type '{ id: string; riddle_handle: string; project_id: string; service_type: string; service_id: string; payment_model: string; amount_usd: string; amount_paid_token: string; amount_paid: string; ... 15 more ...; updated_at: Date; }'.
../server/devtools-endpoints.ts(1461,70): error TS2339: Property 'amount' does not exist on type '{ id: string; riddle_handle: string; project_id: string; service_type: string; service_id: string; payment_model: string; amount_usd: string; amount_paid_token: string; amount_paid: string; ... 15 more ...; updated_at: Date; }'.
../server/devtools-endpoints.ts(1491,14): error TS2769: No overload matches this call.
  Overload 1 of 3, '(left: PgColumn<{ name: "id"; tableName: "devtools_projects"; dataType: "string"; columnType: "PgText"; data: string; driverParam: string; notNull: true; hasDefault: true; isPrimaryKey: true; isAutoincrement: false; ... 4 more ...; generated: undefined; }, {}, {}>, right: string | SQLWrapper): SQL<...>', gave the following error.
  Overload 2 of 3, '(left: Aliased<number>, right: number | SQLWrapper): SQL<unknown>', gave the following error.
  Overload 3 of 3, '(left: never, right: unknown): SQL<unknown>', gave the following error.
../server/devtools-endpoints.ts(1510,33): error TS2339: Property 'project_id' does not exist on type 'PgTableWithColumns<{ name: "devtool_airdrops"; schema: undefined; columns: { id: PgColumn<{ name: "id"; tableName: "devtool_airdrops"; dataType: "string"; columnType: "PgText"; data: string; driverParam: string; notNull: true; ... 7 more ...; generated: undefined; }, {}, {}>; ... 16 more ...; launched_at: PgColumn<....'.
../server/devtools-endpoints.ts(1514,34): error TS2339: Property 'project_id' does not exist on type 'PgTableWithColumns<{ name: "devtool_snapshots"; schema: undefined; columns: { id: PgColumn<{ name: "id"; tableName: "devtool_snapshots"; dataType: "string"; columnType: "PgText"; data: string; driverParam: string; notNull: true; ... 7 more ...; generated: undefined; }, {}, {}>; ... 11 more ...; completed_at: PgColum...'.
../server/devtools-endpoints.ts(1518,14): error TS2769: No overload matches this call.
  Overload 1 of 3, '(left: PgColumn<{ name: "project_id"; tableName: "project_promotions"; dataType: "string"; columnType: "PgText"; data: string; driverParam: string; notNull: true; hasDefault: false; isPrimaryKey: false; ... 5 more ...; generated: undefined; }, {}, {}>, right: string | SQLWrapper): SQL<...>', gave the following error.
  Overload 2 of 3, '(left: Aliased<number>, right: number | SQLWrapper): SQL<unknown>', gave the following error.
  Overload 3 of 3, '(left: never, right: unknown): SQL<unknown>', gave the following error.
../server/devtools-endpoints.ts(1522,14): error TS2769: No overload matches this call.
  Overload 1 of 3, '(left: PgColumn<{ name: "project_id"; tableName: "market_maker_configs"; dataType: "string"; columnType: "PgText"; data: string; driverParam: string; notNull: true; hasDefault: false; isPrimaryKey: false; ... 5 more ...; generated: undefined; }, {}, {}>, right: string | SQLWrapper): SQL<...>', gave the following error.
  Overload 2 of 3, '(left: Aliased<number>, right: number | SQLWrapper): SQL<unknown>', gave the following error.
  Overload 3 of 3, '(left: never, right: unknown): SQL<unknown>', gave the following error.
../server/devtools-endpoints.ts(1588,22): error TS2339: Property 'status' does not exist on type '{ id: string; riddle_handle: string; project_id: string; service_type: string; service_id: string; payment_model: string; amount_usd: string; amount_paid_token: string; amount_paid: string; ... 15 more ...; updated_at: Date; }'.
../server/devtools-endpoints.ts(1589,46): error TS2339: Property 'amount' does not exist on type '{ id: string; riddle_handle: string; project_id: string; service_type: string; service_id: string; payment_model: string; amount_usd: string; amount_paid_token: string; amount_paid: string; ... 15 more ...; updated_at: Date; }'.
../server/devtools-endpoints.ts(1621,56): error TS2339: Property 'status' does not exist on type '{ id: string; riddle_handle: string; project_id: string; service_type: string; service_id: string; payment_model: string; amount_usd: string; amount_paid_token: string; amount_paid: string; ... 15 more ...; updated_at: Date; }'.
../server/devtools-routes.ts(420,3): error TS2322: Type 'boolean' is not assignable to type 'never'.
../server/devtools-routes.ts(421,3): error TS2322: Type 'boolean' is not assignable to type 'never'.
../server/devtools-routes.ts(422,3): error TS2322: Type 'boolean' is not assignable to type 'never'.
../server/devtools-routes.ts(426,3): error TS2322: Type 'boolean' is not assignable to type 'never'.
../server/devtools-routes.ts(427,3): error TS2322: Type 'boolean' is not assignable to type 'never'.
../server/devtools-routes.ts(428,3): error TS2322: Type 'boolean' is not assignable to type 'never'.
../server/devtools-routes.ts(1123,52): error TS2339: Property 'chain' does not exist on type '{ recipients?: { address?: string; amount?: string; txHash?: string; claimed?: boolean; }[]; distribution_method?: "immediate" | "claimable" | "scheduled"; merkle_tree?: boolean; gas_optimization?: boolean; chain_id?: string | number; total_amount?: string; recipient_count?: number; estimated_gas?: string; }'.
../server/devtools-routes.ts(1138,28): error TS2339: Property 'chain' does not exist on type '{ recipients?: { address?: string; amount?: string; txHash?: string; claimed?: boolean; }[]; distribution_method?: "immediate" | "claimable" | "scheduled"; merkle_tree?: boolean; gas_optimization?: boolean; chain_id?: string | number; total_amount?: string; recipient_count?: number; estimated_gas?: string; }'.
../server/devtools-routes.ts(1139,35): error TS2339: Property 'airdrop_type' does not exist on type '{ recipients?: { address?: string; amount?: string; txHash?: string; claimed?: boolean; }[]; distribution_method?: "immediate" | "claimable" | "scheduled"; merkle_tree?: boolean; gas_optimization?: boolean; chain_id?: string | number; total_amount?: string; recipient_count?: number; estimated_gas?: string; }'.
../server/devtools-routes.ts(1140,37): error TS2339: Property 'token_contract' does not exist on type '{ recipients?: { address?: string; amount?: string; txHash?: string; claimed?: boolean; }[]; distribution_method?: "immediate" | "claimable" | "scheduled"; merkle_tree?: boolean; gas_optimization?: boolean; chain_id?: string | number; total_amount?: string; recipient_count?: number; estimated_gas?: string; }'.
../server/devtools-routes.ts(1141,41): error TS2339: Property 'amount_per_address' does not exist on type '{ recipients?: { address?: string; amount?: string; txHash?: string; claimed?: boolean; }[]; distribution_method?: "immediate" | "claimable" | "scheduled"; merkle_tree?: boolean; gas_optimization?: boolean; chain_id?: string | number; total_amount?: string; recipient_count?: number; estimated_gas?: string; }'.
../server/devtools-routes.ts(1144,36): error TS2339: Property 'claim_enabled' does not exist on type '{ recipients?: { address?: string; amount?: string; txHash?: string; claimed?: boolean; }[]; distribution_method?: "immediate" | "claimable" | "scheduled"; merkle_tree?: boolean; gas_optimization?: boolean; chain_id?: string | number; total_amount?: string; recipient_count?: number; estimated_gas?: string; }'.
../server/devtools-routes.ts(1146,33): error TS2339: Property 'start_date' does not exist on type '{ recipients?: { address?: string; amount?: string; txHash?: string; claimed?: boolean; }[]; distribution_method?: "immediate" | "claimable" | "scheduled"; merkle_tree?: boolean; gas_optimization?: boolean; chain_id?: string | number; total_amount?: string; recipient_count?: number; estimated_gas?: string; }'.
../server/devtools-routes.ts(1146,69): error TS2339: Property 'start_date' does not exist on type '{ recipients?: { address?: string; amount?: string; txHash?: string; claimed?: boolean; }[]; distribution_method?: "immediate" | "claimable" | "scheduled"; merkle_tree?: boolean; gas_optimization?: boolean; chain_id?: string | number; total_amount?: string; recipient_count?: number; estimated_gas?: string; }'.
../server/devtools-routes.ts(1147,31): error TS2339: Property 'end_date' does not exist on type '{ recipients?: { address?: string; amount?: string; txHash?: string; claimed?: boolean; }[]; distribution_method?: "immediate" | "claimable" | "scheduled"; merkle_tree?: boolean; gas_optimization?: boolean; chain_id?: string | number; total_amount?: string; recipient_count?: number; estimated_gas?: string; }'.
../server/devtools-routes.ts(1147,65): error TS2339: Property 'end_date' does not exist on type '{ recipients?: { address?: string; amount?: string; txHash?: string; claimed?: boolean; }[]; distribution_method?: "immediate" | "claimable" | "scheduled"; merkle_tree?: boolean; gas_optimization?: boolean; chain_id?: string | number; total_amount?: string; recipient_count?: number; estimated_gas?: string; }'.
../server/devtools-routes.ts(1156,57): error TS2339: Property 'chain' does not exist on type '{ recipients?: { address?: string; amount?: string; txHash?: string; claimed?: boolean; }[]; distribution_method?: "immediate" | "claimable" | "scheduled"; merkle_tree?: boolean; gas_optimization?: boolean; chain_id?: string | number; total_amount?: string; recipient_count?: number; estimated_gas?: string; }'.
../server/devtools-routes.ts(1156,111): error TS2339: Property 'airdrop_type' does not exist on type '{ recipients?: { address?: string; amount?: string; txHash?: string; claimed?: boolean; }[]; distribution_method?: "immediate" | "claimable" | "scheduled"; merkle_tree?: boolean; gas_optimization?: boolean; chain_id?: string | number; total_amount?: string; recipient_count?: number; estimated_gas?: string; }'.
../server/devtools-routes.ts(1165,150): error TS2339: Property 'chain' does not exist on type '{ recipients?: { address?: string; amount?: string; txHash?: string; claimed?: boolean; }[]; distribution_method?: "immediate" | "claimable" | "scheduled"; merkle_tree?: boolean; gas_optimization?: boolean; chain_id?: string | number; total_amount?: string; recipient_count?: number; estimated_gas?: string; }'.
../server/emergency-bridge-audit.ts(4,10): error TS2724: '"../shared/schema"' has no exported member named 'bridgePayloads'. Did you mean 'bridge_payloads'?
../server/enhanced-bithomp-collection-service.ts(153,27): error TS2339: Property 'name' does not exist on type '{ success: boolean; data?: { success: boolean; collection: any; hasData: boolean; error?: undefined; } | { success: boolean; error: string; collection: any; hasData?: undefined; }; error?: string; source: string; }'.
../server/enhanced-bithomp-collection-service.ts(154,34): error TS2339: Property 'description' does not exist on type '{ success: boolean; data?: { success: boolean; collection: any; hasData: boolean; error?: undefined; } | { success: boolean; error: string; collection: any; hasData?: undefined; }; error?: string; source: string; }'.
../server/enhanced-bithomp-collection-service.ts(155,28): error TS2339: Property 'image' does not exist on type '{ success: boolean; data?: { success: boolean; collection: any; hasData: boolean; error?: undefined; } | { success: boolean; error: string; collection: any; hasData?: undefined; }; error?: string; source: string; }'.
../server/enhanced-bithomp-collection-service.ts(156,30): error TS2339: Property 'website' does not exist on type '{ success: boolean; data?: { success: boolean; collection: any; hasData: boolean; error?: undefined; } | { success: boolean; error: string; collection: any; hasData?: undefined; }; error?: string; source: string; }'.
../server/enhanced-bithomp-collection-service.ts(157,30): error TS2339: Property 'twitter' does not exist on type '{ success: boolean; data?: { success: boolean; collection: any; hasData: boolean; error?: undefined; } | { success: boolean; error: string; collection: any; hasData?: undefined; }; error?: string; source: string; }'.
../server/enhanced-bithomp-collection-service.ts(158,31): error TS2339: Property 'telegram' does not exist on type '{ success: boolean; data?: { success: boolean; collection: any; hasData: boolean; error?: undefined; } | { success: boolean; error: string; collection: any; hasData?: undefined; }; error?: string; source: string; }'.
../server/enhanced-bithomp-collection-service.ts(159,30): error TS2339: Property 'discord' does not exist on type '{ success: boolean; data?: { success: boolean; collection: any; hasData: boolean; error?: undefined; } | { success: boolean; error: string; collection: any; hasData?: undefined; }; error?: string; source: string; }'.
../server/enhanced-bithomp-collection-service.ts(160,32): error TS2339: Property 'totalNFTs' does not exist on type '{ success: boolean; data?: { success: boolean; collection: any; hasData: boolean; error?: undefined; } | { success: boolean; error: string; collection: any; hasData?: undefined; }; error?: string; source: string; }'.
../server/enhanced-bithomp-collection-service.ts(161,34): error TS2339: Property 'totalSupply' does not exist on type '{ success: boolean; data?: { success: boolean; collection: any; hasData: boolean; error?: undefined; } | { success: boolean; error: string; collection: any; hasData?: undefined; }; error?: string; source: string; }'.
../server/enhanced-bithomp-collection-service.ts(162,29): error TS2339: Property 'owners' does not exist on type '{ success: boolean; data?: { success: boolean; collection: any; hasData: boolean; error?: undefined; } | { success: boolean; error: string; collection: any; hasData?: undefined; }; error?: string; source: string; }'.
../server/enhanced-bithomp-collection-service.ts(163,33): error TS2339: Property 'floorPrice' does not exist on type '{ success: boolean; data?: { success: boolean; collection: any; hasData: boolean; error?: undefined; } | { success: boolean; error: string; collection: any; hasData?: undefined; }; error?: string; source: string; }'.
../server/enhanced-bithomp-collection-service.ts(164,32): error TS2339: Property 'volume24h' does not exist on type '{ success: boolean; data?: { success: boolean; collection: any; hasData: boolean; error?: undefined; } | { success: boolean; error: string; collection: any; hasData?: undefined; }; error?: string; source: string; }'.
../server/enhanced-bithomp-collection-service.ts(165,31): error TS2339: Property 'verified' does not exist on type '{ success: boolean; data?: { success: boolean; collection: any; hasData: boolean; error?: undefined; } | { success: boolean; error: string; collection: any; hasData?: undefined; }; error?: string; source: string; }'.
../server/enhanced-bithomp-collection-service.ts(168,30): error TS2339: Property 'image' does not exist on type '{ success: boolean; data?: { success: boolean; collection: any; hasData: boolean; error?: undefined; } | { success: boolean; error: string; collection: any; hasData?: undefined; }; error?: string; source: string; }'.
../server/enhanced-bithomp-collection-service.ts(169,32): error TS2339: Property 'image' does not exist on type '{ success: boolean; data?: { success: boolean; collection: any; hasData: boolean; error?: undefined; } | { success: boolean; error: string; collection: any; hasData?: undefined; }; error?: string; source: string; }'.
../server/enhanced-bithomp-collection-service.ts(170,39): error TS2339: Property 'image' does not exist on type '{ success: boolean; data?: { success: boolean; collection: any; hasData: boolean; error?: undefined; } | { success: boolean; error: string; collection: any; hasData?: undefined; }; error?: string; source: string; }'.
../server/enhanced-bithomp-collection-service.ts(310,11): error TS2353: Object literal may only specify known properties, and 'timeout' does not exist in type 'RequestInit'.
../server/enhanced-bithomp-collection-service.ts(326,11): error TS2353: Object literal may only specify known properties, and 'timeout' does not exist in type 'RequestInit'.
../server/eth/eth-offers.ts(29,7): error TS2353: Object literal may only specify known properties, and 'message' does not exist in type '{ success: boolean; txHash?: string; offerId?: string; error?: string; }'.
../server/eth/eth-offers.ts(65,7): error TS2353: Object literal may only specify known properties, and 'message' does not exist in type '{ success: boolean; txHash?: string; offerId?: string; error?: string; }'.
../server/eth/eth-offers.ts(96,7): error TS2353: Object literal may only specify known properties, and 'message' does not exist in type '{ success: boolean; txHash?: string; error?: string; }'.
../server/eth/eth-offers.ts(127,7): error TS2353: Object literal may only specify known properties, and 'message' does not exist in type '{ success: boolean; txHash?: string; error?: string; }'.
../server/eth/eth-wallet.ts(29,7): error TS2322: Type 'HDNodeWallet' is not assignable to type 'Wallet'.
../server/favorites-endpoints.ts(77,10): error TS2769: No overload matches this call.
  Overload 1 of 2, '(value: { collection_issuer: string | SQL<unknown> | Placeholder<string, any>; collection_taxon: number | SQL<unknown> | Placeholder<string, any>; }): PgInsertBase<...>', gave the following error.
  Overload 2 of 2, '(values: { collection_issuer: string | SQL<unknown> | Placeholder<string, any>; collection_taxon: number | SQL<unknown> | Placeholder<string, any>; }[]): PgInsertBase<...>', gave the following error.
../server/favorites-endpoints.ts(196,8): error TS2769: No overload matches this call.
  Overload 1 of 2, '(value: { session_token: string | SQL<unknown> | Placeholder<string, any>; }): PgInsertBase<PgTableWithColumns<{ name: "user_favorites"; schema: undefined; columns: { id: PgColumn<{ name: "id"; tableName: "user_favorites"; ... 12 more ...; generated: undefined; }, {}, {}>; ... 7 more ...; created_at: PgColumn<...>; }; dialect: "pg"; }>, ... 4 more ..., never>', gave the following error.
  Overload 2 of 2, '(values: { session_token: string | SQL<unknown> | Placeholder<string, any>; }[]): PgInsertBase<PgTableWithColumns<{ name: "user_favorites"; schema: undefined; columns: { id: PgColumn<{ name: "id"; tableName: "user_favorites"; ... 12 more ...; generated: undefined; }, {}, {}>; ... 7 more ...; created_at: PgColumn<...>; }; dialect: "pg"; }>, ... 4 more ..., never>', gave the following error.
../server/game-ai-routes.ts(58,9): error TS2769: No overload matches this call.
  Overload 1 of 2, '(value: { session_id: string | SQL<unknown> | Placeholder<string, any>; }): PgInsertBase<PgTableWithColumns<{ name: "riddle_author_conversations"; schema: undefined; columns: { id: PgColumn<{ name: "id"; tableName: "riddle_author_conversations"; ... 12 more ...; generated: undefined; }, {}, {}>; ... 17 more ...; updated_at: PgColumn<...>; }; dialect: "pg"; }>, ... 4 more ..., never>', gave the following error.
  Overload 2 of 2, '(values: { session_id: string | SQL<unknown> | Placeholder<string, any>; }[]): PgInsertBase<PgTableWithColumns<{ name: "riddle_author_conversations"; schema: undefined; columns: { id: PgColumn<{ name: "id"; tableName: "riddle_author_conversations"; ... 12 more ...; generated: undefined; }, {}, {}>; ... 17 more ...; updated_at: PgColumn<...>; }; dialect: "pg"; }>, ... 4 more ..., never>', gave the following error.
../server/game-ai-routes.ts(73,7): error TS2769: No overload matches this call.
  Overload 1 of 2, '(value: { role: string | SQL<unknown> | Placeholder<string, any>; content: string | SQL<unknown> | Placeholder<string, any>; conversation_id: string | SQL<unknown> | Placeholder<...>; message_role: string | ... 1 more ... | Placeholder<...>; }): PgInsertBase<...>', gave the following error.
  Overload 2 of 2, '(values: { role: string | SQL<unknown> | Placeholder<string, any>; content: string | SQL<unknown> | Placeholder<string, any>; conversation_id: string | SQL<unknown> | Placeholder<...>; message_role: string | ... 1 more ... | Placeholder<...>; }[]): PgInsertBase<...>', gave the following error.
../server/game-ai-routes.ts(85,7): error TS2769: No overload matches this call.
  Overload 1 of 2, '(value: { role: string | SQL<unknown> | Placeholder<string, any>; content: string | SQL<unknown> | Placeholder<string, any>; conversation_id: string | SQL<unknown> | Placeholder<...>; message_role: string | ... 1 more ... | Placeholder<...>; }): PgInsertBase<...>', gave the following error.
  Overload 2 of 2, '(values: { role: string | SQL<unknown> | Placeholder<string, any>; content: string | SQL<unknown> | Placeholder<string, any>; conversation_id: string | SQL<unknown> | Placeholder<...>; message_role: string | ... 1 more ... | Placeholder<...>; }[]): PgInsertBase<...>', gave the following error.
../server/gaming-storage.ts(6,51): error TS2724: '"../shared/schema"' has no exported member named 'InsertGamePlayerWallet'. Did you mean 'InsertGamePlayer'?
../server/gaming-storage.ts(128,26): error TS2339: Property 'handle' does not exist on type '{}'.
../server/gaming-storage.ts(129,26): error TS2339: Property 'userId' does not exist on type '{}'.
../server/gaming-storage.ts(130,32): error TS2339: Property 'primaryChain' does not exist on type '{}'.
../server/gaming-storage.ts(131,34): error TS2339: Property 'primaryAddress' does not exist on type '{}'.
../server/gaming-storage.ts(223,26): error TS2339: Property 'blockId' does not exist on type '{}'.
../server/gaming-storage.ts(224,27): error TS2339: Property 'playerId' does not exist on type '{}'.
../server/gaming-storage.ts(225,24): error TS2339: Property 'chain' does not exist on type '{}'.
../server/gaming-storage.ts(226,28): error TS2339: Property 'stakedRdl' does not exist on type '{}'.
../server/gaming-storage.ts(227,25): error TS2339: Property 'status' does not exist on type '{}'.
../server/gaming-storage.ts(233,49): error TS2339: Property 'blockId' does not exist on type '{}'.
../server/gaming-storage.ts(235,39): error TS2339: Property 'playerId' does not exist on type '{}'.
../server/gaming-storage.ts(238,37): error TS2339: Property 'blockId' does not exist on type '{}'.
../server/gaming-storage.ts(242,56): error TS2339: Property 'playerId' does not exist on type '{}'.
../server/gaming-storage.ts(244,35): error TS2339: Property 'playerId' does not exist on type '{}'.
../server/gaming-storage.ts(266,24): error TS2339: Property 'chain' does not exist on type '{}'.
../server/gaming-storage.ts(267,24): error TS2339: Property 'nftId' does not exist on type '{}'.
../server/gaming-storage.ts(268,32): error TS2339: Property 'collectionKey' does not exist on type '{}'.
../server/gaming-storage.ts(269,25): error TS2339: Property 'traits' does not exist on type '{}'.
../server/gaming-storage.ts(270,24): error TS2339: Property 'power' does not exist on type '{}'.
../server/gaming-storage.ts(271,24): error TS2339: Property 'level' does not exist on type '{}'.
../server/gaming-storage.ts(272,29): error TS2339: Property 'experience' does not exist on type '{}'.
../server/gaming-storage.ts(291,25): error TS2339: Property 'chain' does not exist on type '{}'.
../server/gaming-storage.ts(292,35): error TS2339: Property 'locationBlockId' does not exist on type '{}'.
../server/gaming-storage.ts(293,30): error TS2339: Property 'battleType' does not exist on type '{}'.
../server/gaming-storage.ts(294,26): error TS2339: Property 'status' does not exist on type '{}'.
../server/gaming-storage.ts(295,28): error TS2339: Property 'wagerRdl' does not exist on type '{}'.
../server/gaming-storage.ts(312,33): error TS2339: Property 'battleId' does not exist on type '{}'.
../server/gaming-storage.ts(313,33): error TS2339: Property 'playerId' does not exist on type '{}'.
../server/gaming-storage.ts(314,30): error TS2339: Property 'nftId' does not exist on type '{}'.
../server/gaming-storage.ts(315,35): error TS2339: Property 'totalPower' does not exist on type '{}'.
../server/gaming-storage.ts(323,70): error TS2339: Property 'battleId' does not exist on type '{}'.
../server/gaming-storage.ts(325,49): error TS2339: Property 'battleId' does not exist on type '{}'.
../server/gaming-storage.ts(328,66): error TS2339: Property 'playerId' does not exist on type '{}'.
../server/gaming-storage.ts(329,49): error TS2339: Property 'battleId' does not exist on type '{}'.
../server/gaming-storage.ts(330,42): error TS2339: Property 'battleId' does not exist on type '{}'.
../server/gaming-storage.ts(331,46): error TS2339: Property 'playerId' does not exist on type '{}'.
../server/inquiry-collection-routes.ts(42,46): error TS2339: Property 'db' does not exist on type 'DatabaseStorage'.
../server/inquiry-collection-routes.ts(68,50): error TS2339: Property 'db' does not exist on type 'DatabaseStorage'.
../server/inquiry-collection-routes.ts(104,38): error TS2339: Property 'db' does not exist on type 'DatabaseStorage'.
../server/inquiry-collection-routes.ts(145,43): error TS2339: Property 'db' does not exist on type 'DatabaseStorage'.
../server/inquiry-collection-routes.ts(210,23): error TS2339: Property 'db' does not exist on type 'DatabaseStorage'.
../server/inquiry-collection-routes.ts(222,19): error TS2339: Property 'db' does not exist on type 'DatabaseStorage'.
../server/inquiry-collection-routes.ts(256,38): error TS2339: Property 'db' does not exist on type 'DatabaseStorage'.
../server/inquiry-collection-routes.ts(270,36): error TS2339: Property 'db' does not exist on type 'DatabaseStorage'.
../server/inquiry-collection-routes.ts(276,42): error TS2339: Property 'db' does not exist on type 'DatabaseStorage'.
../server/inquiry-collection-routes.ts(319,21): error TS2304: Cannot find name 'getStorage'.
../server/inquisition-generator-service.ts(697,34): error TS2363: The right-hand side of an arithmetic operation must be of type 'any', 'number', 'bigint' or an enum type.
../server/launchpad/token-launchpad-routes.ts(372,55): error TS2339: Property 'type' does not exist on type 'never'.
../server/launchpad/token-launchpad-routes.ts(919,64): error TS2769: No overload matches this call.
  Overload 1 of 2, '(value: { description: string | SQL<unknown> | Placeholder<string, any>; amount: string | SQL<unknown> | Placeholder<string, any>; usdValue: string | SQL<unknown> | Placeholder<...>; ... 5 more ...; runningBalance: string | ... 1 more ... | Placeholder<...>; }): PgInsertBase<...>', gave the following error.
  Overload 2 of 2, '(values: { description: string | SQL<unknown> | Placeholder<string, any>; amount: string | SQL<unknown> | Placeholder<string, any>; usdValue: string | SQL<unknown> | Placeholder<...>; ... 5 more ...; runningBalance: string | ... 1 more ... | Placeholder<...>; }[]): PgInsertBase<...>', gave the following error.
../server/launchpad/token-launchpad-routes.ts(955,9): error TS2769: No overload matches this call.
  Overload 1 of 2, '(value: { feeAmount: string | SQL<unknown> | Placeholder<string, any>; feeType: string | SQL<unknown> | Placeholder<string, any>; riddlepadId: string | SQL<...> | Placeholder<...>; ... 5 more ...; sourceAmount: string | ... 1 more ... | Placeholder<...>; }): PgInsertBase<...>', gave the following error.
  Overload 2 of 2, '(values: { feeAmount: string | SQL<unknown> | Placeholder<string, any>; feeType: string | SQL<unknown> | Placeholder<string, any>; riddlepadId: string | SQL<...> | Placeholder<...>; ... 5 more ...; sourceAmount: string | ... 1 more ... | Placeholder<...>; }[]): PgInsertBase<...>', gave the following error.
../server/launchpad/token-launchpad-routes.ts(1109,75): error TS2769: No overload matches this call.
  Overload 1 of 2, '(value: { launchId: number | SQL<unknown> | Placeholder<string, any>; totalFeeAmount: string | SQL<unknown> | Placeholder<string, any>; totalFeeUsdValue: string | ... 1 more ... | Placeholder<...>; triggerWallet: string | ... 1 more ... | Placeholder<...>; settlementMemo: string | ... 1 more ... | Placeholder<...>; }): PgInsertBase<...>', gave the following error.
  Overload 2 of 2, '(values: { launchId: number | SQL<unknown> | Placeholder<string, any>; totalFeeAmount: string | SQL<unknown> | Placeholder<string, any>; totalFeeUsdValue: string | ... 1 more ... | Placeholder<...>; triggerWallet: string | ... 1 more ... | Placeholder<...>; settlementMemo: string | ... 1 more ... | Placeholder<...>; }[]): PgInsertBase<...>', gave the following error.
../server/launchpad/token-launchpad-routes.ts(1135,42): error TS2769: No overload matches this call.
  Overload 1 of 2, '(value: { description: string | SQL<unknown> | Placeholder<string, any>; amount: string | SQL<unknown> | Placeholder<string, any>; usdValue: string | SQL<unknown> | Placeholder<...>; ... 5 more ...; runningBalance: string | ... 1 more ... | Placeholder<...>; }): PgInsertBase<...>', gave the following error.
  Overload 2 of 2, '(values: { description: string | SQL<unknown> | Placeholder<string, any>; amount: string | SQL<unknown> | Placeholder<string, any>; usdValue: string | SQL<unknown> | Placeholder<...>; ... 5 more ...; runningBalance: string | ... 1 more ... | Placeholder<...>; }[]): PgInsertBase<...>', gave the following error.
../server/launchpad/token-launchpad-routes.ts(1263,44): error TS2769: No overload matches this call.
  Overload 1 of 2, '(value: { description: string | SQL<unknown> | Placeholder<string, any>; amount: string | SQL<unknown> | Placeholder<string, any>; usdValue: string | SQL<unknown> | Placeholder<...>; ... 5 more ...; runningBalance: string | ... 1 more ... | Placeholder<...>; }): PgInsertBase<...>', gave the following error.
  Overload 2 of 2, '(values: { description: string | SQL<unknown> | Placeholder<string, any>; amount: string | SQL<unknown> | Placeholder<string, any>; usdValue: string | SQL<unknown> | Placeholder<...>; ... 5 more ...; runningBalance: string | ... 1 more ... | Placeholder<...>; }[]): PgInsertBase<...>', gave the following error.
../server/launchpad/token-launchpad-routes.ts(1509,46): error TS2339: Property 'user_handle' does not exist on type '{ handle: string; cachedKeys: any; walletData: any; }'.
../server/launchpad/token-launchpad-routes.ts(1704,11): error TS2769: No overload matches this call.
  Overload 1 of 2, '(value: { eventType: string | SQL<unknown> | Placeholder<string, any>; eventData: Record<string, any> | SQL<unknown> | Placeholder<string, any>; }): PgInsertBase<...>', gave the following error.
  Overload 2 of 2, '(values: { eventType: string | SQL<unknown> | Placeholder<string, any>; eventData: Record<string, any> | SQL<unknown> | Placeholder<string, any>; }[]): PgInsertBase<...>', gave the following error.
../server/launchpad/token-launchpad-routes.ts(1901,23): error TS2339: Property 'where' does not exist on type 'Omit<PgSelectBase<"launchpad_whitelist", { id: PgColumn<{ name: "id"; tableName: "launchpad_whitelist"; dataType: "number"; columnType: "PgSerial"; data: number; driverParam: number; notNull: true; hasDefault: true; ... 6 more ...; generated: undefined; }, {}, {}>; ... 5 more ...; createdAt: PgColumn<...>; }, ... 5 ...'.
../server/launchpad/token-launchpad-routes.ts(1936,11): error TS2769: No overload matches this call.
  Overload 1 of 2, '(value: { amount: string | SQL<unknown> | Placeholder<string, any>; transactionHash: string | SQL<unknown> | Placeholder<string, any>; stage: string | SQL<unknown> | Placeholder<...>; contributorWallet: string | ... 1 more ... | Placeholder<...>; tokenAmount: string | ... 1 more ... | Placeholder<...>; tokenPriceAtPurchase: string | ... 1 more ... | Placeholder<...>; marketCapAtPurchase: string | ... 1 more ... | Placeholder<...>; }): PgInsertBase<...>', gave the following error.
  Overload 2 of 2, '(values: { amount: string | SQL<unknown> | Placeholder<string, any>; transactionHash: string | SQL<unknown> | Placeholder<string, any>; stage: string | SQL<unknown> | Placeholder<...>; contributorWallet: string | ... 1 more ... | Placeholder<...>; tokenAmount: string | ... 1 more ... | Placeholder<...>; tokenPriceAtPurchase: string | ... 1 more ... | Placeholder<...>; marketCapAtPurchase: string | ... 1 more ... | Placeholder<...>; }[]): PgInsertBase<...>', gave the following error.
../server/launchpad/token-launchpad-routes.ts(2083,65): error TS2339: Property 'where' does not exist on type 'SQL<number>'.
../server/launchpad/token-launchpad-routes.ts(2084,54): error TS2339: Property 'where' does not exist on type 'SQL<number>'.
../server/launchpad/token-launchpad-routes.ts(2352,3): error TS2304: Cannot find name 'setupTokenLaunchpadRoutes'.
../server/loans-routes.ts(76,7): error TS2741: Property 'where' is missing in type 'Omit<import("C:/Users/E-Store/Desktop/riddlezip/riddle-main/node_modules/drizzle-orm/pg-core/query-builders/select").PgSelectBase<"loans", { id: import("C:/Users/E-Store/Desktop/riddlezip/riddle-main/node_modules/drizzle-orm/pg-core/columns/common").PgColumn<{ name: "id"; tableName: "loans"; dataType: "string"; colu...' but required in type 'Omit<import("C:/Users/E-Store/Desktop/riddlezip/riddle-main/node_modules/drizzle-orm/pg-core/query-builders/select").PgSelectBase<"loans", { id: import("C:/Users/E-Store/Desktop/riddlezip/riddle-main/node_modules/drizzle-orm/pg-core/columns/common").PgColumn<{ name: "id"; tableName: "loans"; dataType: "string"; colu...'.
../server/loans-routes.ts(206,20): error TS2339: Property 'riddleWalletSessions' does not exist on type 'NeonDatabase<typeof import("C:/Users/E-Store/Desktop/riddlezip/riddle-main/shared/schema")> & { $client: Pool; }'.
../server/loans-routes.ts(214,49): error TS2339: Property 'handle' does not exist on type '{ [x: string]: any; } | { [x: string]: any; }[]'.
../server/loans-routes.ts(215,49): error TS2339: Property 'xrpAddress' does not exist on type '{ [x: string]: any; } | { [x: string]: any; }[]'.
../server/loans-routes.ts(215,84): error TS2339: Property 'ethAddress' does not exist on type '{ [x: string]: any; } | { [x: string]: any; }[]'.
../server/loans-routes.ts(337,20): error TS2339: Property 'riddleWalletSessions' does not exist on type 'NeonDatabase<typeof import("C:/Users/E-Store/Desktop/riddlezip/riddle-main/shared/schema")> & { $client: Pool; }'.
../server/loans-routes.ts(345,47): error TS2339: Property 'handle' does not exist on type '{ [x: string]: any; } | { [x: string]: any; }[]'.
../server/loans-routes.ts(346,47): error TS2339: Property 'xrpAddress' does not exist on type '{ [x: string]: any; } | { [x: string]: any; }[]'.
../server/loans-routes.ts(346,82): error TS2339: Property 'ethAddress' does not exist on type '{ [x: string]: any; } | { [x: string]: any; }[]'.
../server/loans-routes.ts(460,20): error TS2339: Property 'riddleWalletSessions' does not exist on type 'NeonDatabase<typeof import("C:/Users/E-Store/Desktop/riddlezip/riddle-main/shared/schema")> & { $client: Pool; }'.
../server/loans-routes.ts(468,45): error TS2339: Property 'handle' does not exist on type '{ [x: string]: any; } | { [x: string]: any; }[]'.
../server/loans-routes.ts(587,20): error TS2339: Property 'riddleWalletSessions' does not exist on type 'NeonDatabase<typeof import("C:/Users/E-Store/Desktop/riddlezip/riddle-main/shared/schema")> & { $client: Pool; }'.
../server/loans-routes.ts(595,45): error TS2339: Property 'handle' does not exist on type '{ [x: string]: any; } | { [x: string]: any; }[]'.
../server/loans-routes.ts(692,20): error TS2339: Property 'riddleWalletSessions' does not exist on type 'NeonDatabase<typeof import("C:/Users/E-Store/Desktop/riddlezip/riddle-main/shared/schema")> & { $client: Pool; }'.
../server/loans-routes.ts(700,45): error TS2339: Property 'handle' does not exist on type '{ [x: string]: any; } | { [x: string]: any; }[]'.
../server/mapping-routes-database.ts(85,7): error TS2740: Type 'Omit<PgSelectBase<"game_locations", { id: PgColumn<{ name: "id"; tableName: "game_locations"; dataType: "string"; columnType: "PgText"; data: string; driverParam: string; notNull: true; hasDefault: true; isPrimaryKey: true; ... 5 more ...; generated: undefined; }, {}, {}>; ... 21 more ...; updated_at: PgColumn<...>;...' is missing the following properties from type 'PgSelectBase<"game_locations", { id: PgColumn<{ name: "id"; tableName: "game_locations"; dataType: "string"; columnType: "PgText"; data: string; driverParam: string; notNull: true; hasDefault: true; isPrimaryKey: true; ... 5 more ...; generated: undefined; }, {}, {}>; ... 21 more ...; updated_at: PgColumn<...>; }, ....': config, joinsNotNullableMap, tableName, isPartialSelect, and 5 more.
../server/mapping-routes-database.ts(128,51): error TS2769: No overload matches this call.
  Overload 1 of 2, '(value: { name: string | SQL<unknown> | Placeholder<string, any>; coordinates: SQL<unknown> | { x: number; y: number; z?: number; } | Placeholder<string, any>; }): PgInsertBase<...>', gave the following error.
  Overload 2 of 2, '(values: { name: string | SQL<unknown> | Placeholder<string, any>; coordinates: SQL<unknown> | { x: number; y: number; z?: number; } | Placeholder<string, any>; }[]): PgInsertBase<...>', gave the following error.
../server/mapping-routes-database.ts(229,53): error TS2769: No overload matches this call.
  Overload 1 of 2, '(value: { zone_name: string | SQL<unknown> | Placeholder<string, any>; boundaries: SQL<unknown> | { north: number; south: number; east: number; west: number; } | Placeholder<string, any>; }): PgInsertBase<...>', gave the following error.
  Overload 2 of 2, '(values: { zone_name: string | SQL<unknown> | Placeholder<string, any>; boundaries: SQL<unknown> | { north: number; south: number; east: number; west: number; } | Placeholder<string, any>; }[]): PgInsertBase<...>', gave the following error.
../server/mapping-routes-database.ts(507,7): error TS2740: Type 'Omit<PgSelectBase<"map_assets", { id: PgColumn<{ name: "id"; tableName: "map_assets"; dataType: "string"; columnType: "PgText"; data: string; driverParam: string; notNull: true; hasDefault: true; isPrimaryKey: true; ... 5 more ...; generated: undefined; }, {}, {}>; ... 12 more ...; updated_at: PgColumn<...>; }, ... ...' is missing the following properties from type 'PgSelectBase<"map_assets", { id: PgColumn<{ name: "id"; tableName: "map_assets"; dataType: "string"; columnType: "PgText"; data: string; driverParam: string; notNull: true; hasDefault: true; isPrimaryKey: true; ... 5 more ...; generated: undefined; }, {}, {}>; ... 12 more ...; updated_at: PgColumn<...>; }, ... 5 mor...': config, joinsNotNullableMap, tableName, isPartialSelect, and 5 more.
../server/mapping-routes.ts(110,26): error TS2304: Cannot find name 'db'.
../server/mapping-routes.ts(125,26): error TS2304: Cannot find name 'db'.
../server/mapping-routes.ts(148,26): error TS2304: Cannot find name 'db'.
../server/mapping-routes.ts(188,33): error TS2304: Cannot find name 'db'.
../server/mapping-routes.ts(200,32): error TS2304: Cannot find name 'db'.
../server/mapping-routes.ts(206,11): error TS2304: Cannot find name 'db'.
../server/mapping-routes.ts(235,26): error TS2304: Cannot find name 'db'.
../server/mapping-routes.ts(253,26): error TS2304: Cannot find name 'db'.
../server/mapping-routes.ts(295,26): error TS2304: Cannot find name 'db'.
../server/mapping-routes.ts(325,26): error TS2304: Cannot find name 'db'.
../server/mapping-routes.ts(361,30): error TS2304: Cannot find name 'db'.
../server/mapping-routes.ts(393,11): error TS2304: Cannot find name 'db'.
../server/mapping-routes.ts(399,11): error TS2304: Cannot find name 'db'.
../server/mapping-routes.ts(435,34): error TS2304: Cannot find name 'db'.
../server/mapping-routes.ts(467,11): error TS2304: Cannot find name 'db'.
../server/mapping-routes.ts(473,11): error TS2304: Cannot find name 'db'.
../server/mapping-routes.ts(511,26): error TS2304: Cannot find name 'db'.
../server/mapping-routes.ts(556,26): error TS2304: Cannot find name 'db'.
../server/metadata-aggregator-service.ts(275,17): error TS2339: Property 'BithompAPI' does not exist on type 'typeof import("C:/Users/E-Store/Desktop/riddlezip/riddle-main/server/bithomp-api-v2")'.
../server/metadata-aggregator-service.ts(305,39): error TS2339: Property 'getProjectByToken' does not exist on type 'DatabaseStorage'.
../server/metadata-aggregator-service.ts(308,18): error TS2339: Property 'project_id' does not exist on type 'UnifiedTokenMetadata'.
../server/metadata-aggregator-service.ts(309,18): error TS2339: Property 'vanity_slug' does not exist on type 'UnifiedTokenMetadata'.
../server/metadata-aggregator-service.ts(386,17): error TS2339: Property 'BithompAPI' does not exist on type 'typeof import("C:/Users/E-Store/Desktop/riddlezip/riddle-main/server/bithomp-api-v2")'.
../server/metadata-aggregator-service.ts(475,17): error TS2339: Property 'BithompAPI' does not exist on type 'typeof import("C:/Users/E-Store/Desktop/riddlezip/riddle-main/server/bithomp-api-v2")'.
../server/middleware/activity-tracking.ts(68,8): error TS2769: No overload matches this call.
  Overload 1 of 2, '(value: { userHandle: string | SQL<unknown> | Placeholder<string, any>; }): PgInsertBase<PgTableWithColumns<{ name: "user_activity_tracking"; schema: undefined; columns: { id: PgColumn<{ name: "id"; tableName: "user_activity_tracking"; ... 12 more ...; generated: undefined; }, {}, {}>; ... 5 more ...; updatedAt: PgColumn<...>; }; dialect: "pg"; }>, ... 4 more ..., never>', gave the following error.
  Overload 2 of 2, '(values: { userHandle: string | SQL<unknown> | Placeholder<string, any>; }[]): PgInsertBase<PgTableWithColumns<{ name: "user_activity_tracking"; schema: undefined; columns: { id: PgColumn<{ name: "id"; tableName: "user_activity_tracking"; ... 12 more ...; generated: undefined; }, {}, {}>; ... 5 more ...; updatedAt: PgColumn<...>; }; dialect: "pg"; }>, ... 4 more ..., never>', gave the following error.
../server/middleware/activity-tracking.ts(77,11): error TS2353: Object literal may only specify known properties, and 'totalTimeMinutes' does not exist in type 'PgUpdateSetSource<PgTableWithColumns<{ name: "user_activity_tracking"; schema: undefined; columns: { id: PgColumn<{ name: "id"; tableName: "user_activity_tracking"; dataType: "number"; columnType: "PgSerial"; data: number; driverParam: number; ... 8 more ...; generated: undefined; }, {}, {}>; ... 5 more ...; updated...'.
../server/multi-chain-featured-tokens.ts(202,56): error TS2769: No overload matches this call.
  Overload 1 of 2, '(value: { symbol: string | SQL<unknown> | Placeholder<string, any>; address: string | SQL<unknown> | Placeholder<string, any>; name: string | SQL<unknown> | Placeholder<...>; chain: string | ... 1 more ... | Placeholder<...>; added_by: string | ... 1 more ... | Placeholder<...>; }): PgInsertBase<...>', gave the following error.
  Overload 2 of 2, '(values: { symbol: string | SQL<unknown> | Placeholder<string, any>; address: string | SQL<unknown> | Placeholder<string, any>; name: string | SQL<unknown> | Placeholder<...>; chain: string | ... 1 more ... | Placeholder<...>; added_by: string | ... 1 more ... | Placeholder<...>; }[]): PgInsertBase<...>', gave the following error.
../server/nft-actions.ts(2,43): error TS2307: Cannot find module './wallet-generation.js' or its corresponding type declarations.
../server/nft-badge-system.ts(262,9): error TS2365: Operator '+=' cannot be applied to types 'number' and 'string | number'.
../server/nft-badge-system.ts(263,9): error TS2365: Operator '+=' cannot be applied to types 'number' and 'string | number'.
../server/nft-badge-system.ts(264,9): error TS2365: Operator '+=' cannot be applied to types 'number' and 'string | number'.
../server/nft-badge-system.ts(265,9): error TS2365: Operator '+=' cannot be applied to types 'number' and 'string | number'.
../server/nft-badge-system.ts(293,89): error TS2365: Operator '+' cannot be applied to types 'unknown' and 'unknown'.
../server/nft-badge-system.ts(294,13): error TS2365: Operator '<' cannot be applied to types 'unknown' and 'number'.
../server/nft-buy-system-enhanced.ts(297,30): error TS2339: Property 'offers' does not exist on type 'Record<string, never> | { account: string; lines: AccountLinesTrustline[]; ledger_current_index?: number; ledger_index?: number; ledger_hash?: string; marker?: unknown; } | ... 44 more ... | (BaseSubmitMultisignedResult & { ...; })'.
../server/nft-buy-system-enhanced.ts(316,30): error TS2339: Property 'offers' does not exist on type 'Record<string, never> | { account: string; lines: AccountLinesTrustline[]; ledger_current_index?: number; ledger_index?: number; ledger_hash?: string; marker?: unknown; } | ... 44 more ... | (BaseSubmitMultisignedResult & { ...; })'.
../server/nft-caching-service.ts(56,36): error TS2554: Expected 2 arguments, but got 1.
../server/nft-gaming-routes.ts(764,89): error TS2365: Operator '+' cannot be applied to types 'unknown' and 'unknown'.
../server/nft-gaming-routes.ts(767,9): error TS2365: Operator '>=' cannot be applied to types 'unknown' and 'number'.
../server/nft-gaming-routes.ts(768,14): error TS2365: Operator '>=' cannot be applied to types 'unknown' and 'number'.
../server/nft-gaming-routes.ts(769,14): error TS2365: Operator '>=' cannot be applied to types 'unknown' and 'number'.
../server/nft-gaming-routes.ts(770,14): error TS2365: Operator '>=' cannot be applied to types 'unknown' and 'number'.
../server/nft-marketplace-routes.ts(225,10): error TS2769: No overload matches this call.
  Overload 1 of 2, '(value: { id: string | SQL<unknown> | Placeholder<string, any>; nftId: string | SQL<unknown> | Placeholder<string, any>; nftTokenId: string | SQL<unknown> | Placeholder<...>; fromWallet: string | ... 1 more ... | Placeholder<...>; toWallet: string | ... 1 more ... | Placeholder<...>; offerAmount: string | ... 1 more ... | Placeholder<...>; }): PgInsertBase<...>', gave the following error.
  Overload 2 of 2, '(values: { id: string | SQL<unknown> | Placeholder<string, any>; nftId: string | SQL<unknown> | Placeholder<string, any>; nftTokenId: string | SQL<unknown> | Placeholder<...>; fromWallet: string | ... 1 more ... | Placeholder<...>; toWallet: string | ... 1 more ... | Placeholder<...>; offerAmount: string | ... 1 more ... | Placeholder<...>; }[]): PgInsertBase<...>', gave the following error.
../server/nft-marketplace-routes.ts(230,42): error TS2339: Property 'address' does not exist on type 'RiddleBrokerConfig'.
../server/nft-marketplace-routes.ts(304,10): error TS2769: No overload matches this call.
  Overload 1 of 2, '(value: { id: string | SQL<unknown> | Placeholder<string, any>; nftId: string | SQL<unknown> | Placeholder<string, any>; nftTokenId: string | SQL<unknown> | Placeholder<...>; fromWallet: string | ... 1 more ... | Placeholder<...>; toWallet: string | ... 1 more ... | Placeholder<...>; offerAmount: string | ... 1 more ... | Placeholder<...>; }): PgInsertBase<...>', gave the following error.
  Overload 2 of 2, '(values: { id: string | SQL<unknown> | Placeholder<string, any>; nftId: string | SQL<unknown> | Placeholder<string, any>; nftTokenId: string | SQL<unknown> | Placeholder<...>; fromWallet: string | ... 1 more ... | Placeholder<...>; toWallet: string | ... 1 more ... | Placeholder<...>; offerAmount: string | ... 1 more ... | Placeholder<...>; }[]): PgInsertBase<...>', gave the following error.
../server/nft-offer-routes.ts(510,40): error TS2345: Argument of type 'number' is not assignable to parameter of type 'string'.
../server/nft-rewards-service.ts(2,90): error TS2724: '"../shared/schema"' has no exported member named 'InsertNftReward'. Did you mean 'InsertReward'?
../server/nft-rewards-service.ts(166,10): error TS2769: No overload matches this call.
  Overload 1 of 2, '(value: { distribution_month: string | SQL<unknown> | Placeholder<string, any>; total_platform_revenue_usd: string | SQL<unknown> | Placeholder<string, any>; ... 6 more ...; riddle_drop_allocation_usd: string | ... 1 more ... | Placeholder<...>; }): PgInsertBase<...>', gave the following error.
  Overload 2 of 2, '(values: { distribution_month: string | SQL<unknown> | Placeholder<string, any>; total_platform_revenue_usd: string | SQL<unknown> | Placeholder<string, any>; ... 6 more ...; riddle_drop_allocation_usd: string | ... 1 more ... | Placeholder<...>; }[]): PgInsertBase<...>', gave the following error.
../server/nft-rewards-service.ts(249,48): error TS2339: Property 'getCollectionAllocationUsd' does not exist on type 'NFTRewardsService'.
../server/nft-rewards-service.ts(259,15): error TS2769: No overload matches this call.
  Overload 1 of 2, '(value: { collection_name: string | SQL<unknown> | Placeholder<string, any>; wallet_address: string | SQL<unknown> | Placeholder<string, any>; usd_value: string | ... 1 more ... | Placeholder<...>; rdl_amount: string | ... 1 more ... | Placeholder<...>; available_until: Date | ... 1 more ... | Placeholder<...>; }): PgInsertBase<...>', gave the following error.
  Overload 2 of 2, '(values: { collection_name: string | SQL<unknown> | Placeholder<string, any>; wallet_address: string | SQL<unknown> | Placeholder<string, any>; usd_value: string | ... 1 more ... | Placeholder<...>; rdl_amount: string | ... 1 more ... | Placeholder<...>; available_until: Date | ... 1 more ... | Placeholder<...>; }[]): PgInsertBase<...>', gave the following error.
../server/nft-rewards-service.ts(426,11): error TS2353: Object literal may only specify known properties, and 'total_rdl_collected' does not exist in type '{ distribution_month?: string | SQL<unknown> | PgColumn<ColumnBaseConfig<ColumnDataType, string>, {}, {}>; total_platform_revenue_usd?: string | ... 1 more ... | PgColumn<...>; ... 6 more ...; riddle_drop_allocation_usd?: string | ... 1 more ... | PgColumn<...>; }'.
../server/nft-service.ts(653,7): error TS2769: No overload matches this call.
  Overload 1 of 2, '(value: { id: string | SQL<unknown> | Placeholder<string, any>; nftId: string | SQL<unknown> | Placeholder<string, any>; nftTokenId: string | SQL<unknown> | Placeholder<...>; fromWallet: string | ... 1 more ... | Placeholder<...>; toWallet: string | ... 1 more ... | Placeholder<...>; offerAmount: string | ... 1 more ... | Placeholder<...>; }): PgInsertBase<...>', gave the following error.
  Overload 2 of 2, '(values: { id: string | SQL<unknown> | Placeholder<string, any>; nftId: string | SQL<unknown> | Placeholder<string, any>; nftTokenId: string | SQL<unknown> | Placeholder<...>; fromWallet: string | ... 1 more ... | Placeholder<...>; toWallet: string | ... 1 more ... | Placeholder<...>; offerAmount: string | ... 1 more ... | Placeholder<...>; }[]): PgInsertBase<...>', gave the following error.
../server/nft-service.ts(663,27): error TS2339: Property 'offer_id' does not exist on type '{ status: string; message: string; id: string; nftId: string; currency: string; createdAt: Date; updatedAt: Date; expiresAt: Date; nftTokenId: string; fromWallet: string; toWallet: string; offerAmount: string; responseMessage: string; respondedAt: Date; }'.
../server/nft-service.ts(699,7): error TS2769: No overload matches this call.
  Overload 1 of 2, '(value: { id: string | SQL<unknown> | Placeholder<string, any>; nftId: string | SQL<unknown> | Placeholder<string, any>; nftTokenId: string | SQL<unknown> | Placeholder<...>; fromWallet: string | ... 1 more ... | Placeholder<...>; toWallet: string | ... 1 more ... | Placeholder<...>; offerAmount: string | ... 1 more ... | Placeholder<...>; }): PgInsertBase<...>', gave the following error.
  Overload 2 of 2, '(values: { id: string | SQL<unknown> | Placeholder<string, any>; nftId: string | SQL<unknown> | Placeholder<string, any>; nftTokenId: string | SQL<unknown> | Placeholder<...>; fromWallet: string | ... 1 more ... | Placeholder<...>; toWallet: string | ... 1 more ... | Placeholder<...>; offerAmount: string | ... 1 more ... | Placeholder<...>; }[]): PgInsertBase<...>', gave the following error.
../server/nft-service.ts(709,23): error TS2339: Property 'offer_id' does not exist on type '{ status: string; message: string; id: string; nftId: string; currency: string; createdAt: Date; updatedAt: Date; expiresAt: Date; nftTokenId: string; fromWallet: string; toWallet: string; offerAmount: string; responseMessage: string; respondedAt: Date; }'.
../server/nft-service.ts(724,27): error TS2339: Property 'offer_id' does not exist on type 'PgTableWithColumns<{ name: "nft_offers"; schema: undefined; columns: { id: PgColumn<{ name: "id"; tableName: "nft_offers"; dataType: "string"; columnType: "PgVarchar"; data: string; driverParam: string; notNull: true; hasDefault: false; ... 6 more ...; generated: undefined; }, {}, { ...; }>; ... 12 more ...; respond...'.
../server/nft-service.ts(737,35): error TS2339: Property 'is_sell_offer' does not exist on type '{ id: string; nftId: string; nftTokenId: string; fromWallet: string; toWallet: string; offerAmount: string; currency: string; status: string; message: string; responseMessage: string; expiresAt: Date; createdAt: Date; updatedAt: Date; respondedAt: Date; }'.
../server/nft-service.ts(738,35): error TS2339: Property 'is_sell_offer' does not exist on type '{ id: string; nftId: string; nftTokenId: string; fromWallet: string; toWallet: string; offerAmount: string; currency: string; status: string; message: string; responseMessage: string; expiresAt: Date; createdAt: Date; updatedAt: Date; respondedAt: Date; }'.
../server/nft-service.ts(742,32): error TS2304: Cannot find name 'nftTransactions'.
../server/nft-service.ts(743,25): error TS2551: Property 'nft_id' does not exist on type '{ id: string; nftId: string; nftTokenId: string; fromWallet: string; toWallet: string; offerAmount: string; currency: string; status: string; message: string; responseMessage: string; expiresAt: Date; createdAt: Date; updatedAt: Date; respondedAt: Date; }'. Did you mean 'nftId'?
../server/nft-service.ts(745,31): error TS2339: Property 'owner' does not exist on type '{ id: string; nftId: string; nftTokenId: string; fromWallet: string; toWallet: string; offerAmount: string; currency: string; status: string; message: string; responseMessage: string; expiresAt: Date; createdAt: Date; updatedAt: Date; respondedAt: Date; }'.
../server/nft-service.ts(747,25): error TS2339: Property 'amount' does not exist on type '{ id: string; nftId: string; nftTokenId: string; fromWallet: string; toWallet: string; offerAmount: string; currency: string; status: string; message: string; responseMessage: string; expiresAt: Date; createdAt: Date; updatedAt: Date; respondedAt: Date; }'.
../server/nft-service.ts(749,41): error TS2339: Property 'amount' does not exist on type '{ id: string; nftId: string; nftTokenId: string; fromWallet: string; toWallet: string; offerAmount: string; currency: string; status: string; message: string; responseMessage: string; expiresAt: Date; createdAt: Date; updatedAt: Date; respondedAt: Date; }'.
../server/nft-service.ts(750,23): error TS2339: Property 'is_sell_offer' does not exist on type '{ id: string; nftId: string; nftTokenId: string; fromWallet: string; toWallet: string; offerAmount: string; currency: string; status: string; message: string; responseMessage: string; expiresAt: Date; createdAt: Date; updatedAt: Date; respondedAt: Date; }'.
../server/nft-service.ts(757,27): error TS2339: Property 'offer_id' does not exist on type 'PgTableWithColumns<{ name: "nft_offers"; schema: undefined; columns: { id: PgColumn<{ name: "id"; tableName: "nft_offers"; dataType: "string"; columnType: "PgVarchar"; data: string; driverParam: string; notNull: true; hasDefault: false; ... 6 more ...; generated: undefined; }, {}, { ...; }>; ... 12 more ...; respond...'.
../server/nft-storage.ts(4,3): error TS2305: Module '"@shared/nft-schema"' has no exported member 'nftListings'.
../server/nft-storage.ts(5,3): error TS2305: Module '"@shared/nft-schema"' has no exported member 'launchpadProjects'.
../server/nft-storage.ts(6,3): error TS2305: Module '"@shared/nft-schema"' has no exported member 'apiCache'.
../server/nft-storage.ts(7,3): error TS2305: Module '"@shared/nft-schema"' has no exported member 'ipfsStorage'.
../server/nft-storage.ts(10,8): error TS2305: Module '"@shared/nft-schema"' has no exported member 'NftListing'.
../server/nft-storage.ts(11,8): error TS2305: Module '"@shared/nft-schema"' has no exported member 'LaunchpadProject'.
../server/nft-storage.ts(14,8): error TS2305: Module '"@shared/nft-schema"' has no exported member 'InsertNftListing'.
../server/nft-storage.ts(15,8): error TS2305: Module '"@shared/nft-schema"' has no exported member 'InsertLaunchpadProject'.
../server/nft-storage.ts(50,32): error TS2339: Property 'isActive' does not exist on type 'PgTableWithColumns<{ name: "nft_collections"; schema: undefined; columns: { id: PgColumn<{ name: "id"; tableName: "nft_collections"; dataType: "string"; columnType: "PgVarchar"; data: string; driverParam: string; notNull: true; ... 7 more ...; generated: undefined; }, {}, { ...; }>; ... 10 more ...; updatedAt: PgCol...'.
../server/nft-storage.ts(68,27): error TS2339: Property 'creatorAddress' does not exist on type 'PgTableWithColumns<{ name: "nft_collections"; schema: undefined; columns: { id: PgColumn<{ name: "id"; tableName: "nft_collections"; dataType: "string"; columnType: "PgVarchar"; data: string; driverParam: string; notNull: true; ... 7 more ...; generated: undefined; }, {}, { ...; }>; ... 10 more ...; updatedAt: PgCol...'.
../server/nft-storage.ts(69,27): error TS2339: Property 'isActive' does not exist on type 'PgTableWithColumns<{ name: "nft_collections"; schema: undefined; columns: { id: PgColumn<{ name: "id"; tableName: "nft_collections"; dataType: "string"; columnType: "PgVarchar"; data: string; driverParam: string; notNull: true; ... 7 more ...; generated: undefined; }, {}, { ...; }>; ... 10 more ...; updatedAt: PgCol...'.
../server/nft-storage.ts(106,22): error TS2339: Property 'collectionId' does not exist on type 'PgTableWithColumns<{ name: "nfts"; schema: undefined; columns: { id: PgColumn<{ name: "id"; tableName: "nfts"; dataType: "string"; columnType: "PgVarchar"; data: string; driverParam: string; notNull: true; hasDefault: false; ... 6 more ...; generated: undefined; }, {}, { ...; }>; ... 9 more ...; updatedAt: PgColumn<...'.
../server/nft-storage.ts(107,21): error TS2339: Property 'tokenId' does not exist on type 'PgTableWithColumns<{ name: "nfts"; schema: undefined; columns: { id: PgColumn<{ name: "id"; tableName: "nfts"; dataType: "string"; columnType: "PgVarchar"; data: string; driverParam: string; notNull: true; hasDefault: false; ... 6 more ...; generated: undefined; }, {}, { ...; }>; ... 9 more ...; updatedAt: PgColumn<...'.
../server/nft-storage.ts(115,17): error TS2339: Property 'ownerAddress' does not exist on type 'PgTableWithColumns<{ name: "nfts"; schema: undefined; columns: { id: PgColumn<{ name: "id"; tableName: "nfts"; dataType: "string"; columnType: "PgVarchar"; data: string; driverParam: string; notNull: true; hasDefault: false; ... 6 more ...; generated: undefined; }, {}, { ...; }>; ... 9 more ...; updatedAt: PgColumn<...'.
../server/nft-storage.ts(116,17): error TS2339: Property 'isMinted' does not exist on type 'PgTableWithColumns<{ name: "nfts"; schema: undefined; columns: { id: PgColumn<{ name: "id"; tableName: "nfts"; dataType: "string"; columnType: "PgVarchar"; data: string; driverParam: string; notNull: true; hasDefault: false; ... 6 more ...; generated: undefined; }, {}, { ...; }>; ... 9 more ...; updatedAt: PgColumn<...'.
../server/nft-storage.ts(118,26): error TS2339: Property 'mintedAt' does not exist on type 'PgTableWithColumns<{ name: "nfts"; schema: undefined; columns: { id: PgColumn<{ name: "id"; tableName: "nfts"; dataType: "string"; columnType: "PgVarchar"; data: string; driverParam: string; notNull: true; hasDefault: false; ... 6 more ...; generated: undefined; }, {}, { ...; }>; ... 9 more ...; updatedAt: PgColumn<...'.
../server/nft-storage.ts(139,19): error TS2339: Property 'collectionId' does not exist on type 'PgTableWithColumns<{ name: "nfts"; schema: undefined; columns: { id: PgColumn<{ name: "id"; tableName: "nfts"; dataType: "string"; columnType: "PgVarchar"; data: string; driverParam: string; notNull: true; hasDefault: false; ... 6 more ...; generated: undefined; }, {}, { ...; }>; ... 9 more ...; updatedAt: PgColumn<...'.
../server/nft-storage.ts(139,37): error TS2339: Property 'collectionId' does not exist on type '{ id: string; nftId: string; name: string; description: string; image: string; issuer: string; taxon: string; owner: string; metadata: string; createdAt: Date; updatedAt: Date; }'.
../server/nft-storage.ts(140,19): error TS2339: Property 'isMinted' does not exist on type 'PgTableWithColumns<{ name: "nfts"; schema: undefined; columns: { id: PgColumn<{ name: "id"; tableName: "nfts"; dataType: "string"; columnType: "PgVarchar"; data: string; driverParam: string; notNull: true; hasDefault: false; ... 6 more ...; generated: undefined; }, {}, { ...; }>; ... 9 more ...; updatedAt: PgColumn<...'.
../server/nft-storage.ts(146,42): error TS2339: Property 'collectionId' does not exist on type '{ id: string; nftId: string; name: string; description: string; image: string; issuer: string; taxon: string; owner: string; metadata: string; createdAt: Date; updatedAt: Date; }'.
../server/nft-storage.ts(178,30): error TS2339: Property 'attributes' does not exist on type 'PgTableWithColumns<{ name: "nfts"; schema: undefined; columns: { id: PgColumn<{ name: "id"; tableName: "nfts"; dataType: "string"; columnType: "PgVarchar"; data: string; driverParam: string; notNull: true; hasDefault: false; ... 6 more ...; generated: undefined; }, {}, { ...; }>; ... 9 more ...; updatedAt: PgColumn<...'.
../server/nft-storage.ts(179,26): error TS2339: Property 'rarity' does not exist on type 'PgTableWithColumns<{ name: "nfts"; schema: undefined; columns: { id: PgColumn<{ name: "id"; tableName: "nfts"; dataType: "string"; columnType: "PgVarchar"; data: string; driverParam: string; notNull: true; hasDefault: false; ... 6 more ...; generated: undefined; }, {}, { ...; }>; ... 9 more ...; updatedAt: PgColumn<...'.
../server/nft-storage.ts(186,42): error TS2339: Property 'collectionId' does not exist on type 'PgTableWithColumns<{ name: "nfts"; schema: undefined; columns: { id: PgColumn<{ name: "id"; tableName: "nfts"; dataType: "string"; columnType: "PgVarchar"; data: string; driverParam: string; notNull: true; hasDefault: false; ... 6 more ...; generated: undefined; }, {}, { ...; }>; ... 9 more ...; updatedAt: PgColumn<...'.
../server/nft-storage.ts(219,17): error TS2339: Property 'collectionId' does not exist on type 'PgTableWithColumns<{ name: "nfts"; schema: undefined; columns: { id: PgColumn<{ name: "id"; tableName: "nfts"; dataType: "string"; columnType: "PgVarchar"; data: string; driverParam: string; notNull: true; hasDefault: false; ... 6 more ...; generated: undefined; }, {}, { ...; }>; ... 9 more ...; updatedAt: PgColumn<...'.
../server/nft-storage.ts(473,22): error TS2339: Property 'nfts' does not exist on type '{}'.
../server/nft-storage.ts(474,11): error TS2353: Object literal may only specify known properties, and 'metadata' does not exist in type 'PgUpdateSetSource<PgTableWithColumns<{ name: "wallet_nft_searches"; schema: undefined; columns: { id: PgColumn<{ name: "id"; tableName: "wallet_nft_searches"; dataType: "string"; columnType: "PgText"; data: string; driverParam: string; ... 8 more ...; generated: undefined; }, {}, {}>; ... 4 more ...; cachedUntil: Pg...'.
../server/nft-storage.ts(474,26): error TS2339: Property 'metadata' does not exist on type '{}'.
../server/nft-storage.ts(510,11): error TS2353: Object literal may only specify known properties, and 'uri' does not exist in type 'PgUpdateSetSource<PgTableWithColumns<{ name: "nft_metadata_cache"; schema: undefined; columns: { id: PgColumn<{ name: "id"; tableName: "nft_metadata_cache"; dataType: "string"; columnType: "PgText"; data: string; driverParam: string; ... 8 more ...; generated: undefined; }, {}, {}>; ... 6 more ...; expiresAt: PgColu...'.
../server/nft-storage.ts(510,21): error TS2339: Property 'uri' does not exist on type '{}'.
../server/nft-storage.ts(511,26): error TS2339: Property 'metadata' does not exist on type '{}'.
../server/nft-storage.ts(512,24): error TS2339: Property 'traits' does not exist on type '{}'.
../server/nft-storage.ts(513,26): error TS2339: Property 'imageUrl' does not exist on type '{}'.
../server/nft-swap-routes.ts(97,40): error TS2339: Property 'makerHandle' does not exist on type 'PgTableWithColumns<{ name: "nft_swap_offers"; schema: undefined; columns: { id: PgColumn<{ name: "id"; tableName: "nft_swap_offers"; dataType: "string"; columnType: "PgText"; data: string; driverParam: string; notNull: true; ... 7 more ...; generated: undefined; }, {}, {}>; ... 7 more ...; updatedAt: PgColumn<...>; ...'.
../server/nft-swap-routes.ts(101,40): error TS2339: Property 'takerHandle' does not exist on type 'PgTableWithColumns<{ name: "nft_swap_offers"; schema: undefined; columns: { id: PgColumn<{ name: "id"; tableName: "nft_swap_offers"; dataType: "string"; columnType: "PgText"; data: string; driverParam: string; notNull: true; ... 7 more ...; generated: undefined; }, {}, {}>; ... 7 more ...; updatedAt: PgColumn<...>; ...'.
../server/nft-swap-routes.ts(105,7): error TS2740: Type 'Omit<PgSelectBase<"nft_swap_offers", { id: PgColumn<{ name: "id"; tableName: "nft_swap_offers"; dataType: "string"; columnType: "PgText"; data: string; driverParam: string; notNull: true; hasDefault: true; isPrimaryKey: true; ... 5 more ...; generated: undefined; }, {}, {}>; ... 7 more ...; updatedAt: PgColumn<...>;...' is missing the following properties from type 'PgSelectBase<"nft_swap_offers", { id: PgColumn<{ name: "id"; tableName: "nft_swap_offers"; dataType: "string"; columnType: "PgText"; data: string; driverParam: string; notNull: true; hasDefault: true; isPrimaryKey: true; ... 5 more ...; generated: undefined; }, {}, {}>; ... 7 more ...; updatedAt: PgColumn<...>; }, ....': config, joinsNotNullableMap, tableName, isPartialSelect, and 5 more.
../server/nft-swap-routes.ts(119,31): error TS2339: Property 'expiresAt' does not exist on type '{ id: string; fromUserId: string; toUserId: string; offeredNftId: string; requestedNftId: string; status: string; txHash: string; createdAt: Date; updatedAt: Date; }'.
../server/nft-swap-routes.ts(119,56): error TS2339: Property 'expiresAt' does not exist on type '{ id: string; fromUserId: string; toUserId: string; offeredNftId: string; requestedNftId: string; status: string; txHash: string; createdAt: Date; updatedAt: Date; }'.
../server/nft-swap-routes.ts(124,48): error TS2339: Property 'offeredItems' does not exist on type '{ id: string; fromUserId: string; toUserId: string; offeredNftId: string; requestedNftId: string; status: string; txHash: string; createdAt: Date; updatedAt: Date; }'.
../server/nft-swap-routes.ts(124,70): error TS2339: Property 'offeredItems' does not exist on type '{ id: string; fromUserId: string; toUserId: string; offeredNftId: string; requestedNftId: string; status: string; txHash: string; createdAt: Date; updatedAt: Date; }'.
../server/nft-swap-routes.ts(125,47): error TS2339: Property 'wantedItems' does not exist on type '{ id: string; fromUserId: string; toUserId: string; offeredNftId: string; requestedNftId: string; status: string; txHash: string; createdAt: Date; updatedAt: Date; }'.
../server/nft-swap-routes.ts(125,68): error TS2339: Property 'wantedItems' does not exist on type '{ id: string; fromUserId: string; toUserId: string; offeredNftId: string; requestedNftId: string; status: string; txHash: string; createdAt: Date; updatedAt: Date; }'.
../server/nft-swap-routes.ts(176,29): error TS2339: Property 'expiresAt' does not exist on type '{ id: string; fromUserId: string; toUserId: string; offeredNftId: string; requestedNftId: string; status: string; txHash: string; createdAt: Date; updatedAt: Date; }'.
../server/nft-swap-routes.ts(176,54): error TS2339: Property 'expiresAt' does not exist on type '{ id: string; fromUserId: string; toUserId: string; offeredNftId: string; requestedNftId: string; status: string; txHash: string; createdAt: Date; updatedAt: Date; }'.
../server/nft-swap-routes.ts(241,35): error TS2339: Property 'handle' does not exist on type '{ [x: string]: any; } | { [x: string]: any; }[]'.
../server/nft-swap-routes.ts(244,76): error TS2339: Property 'xrpAddress' does not exist on type '{ [x: string]: any; } | { [x: string]: any; }[]'.
../server/nft-swap-routes.ts(254,54): error TS2345: Argument of type '{ image?: string; name?: string; chain?: string; contract?: string; tokenId?: string; estimatedValue?: number; }[]' is not assignable to parameter of type '{ chain: string; contract: string; tokenId: string; }[]'.
../server/nft-swap-routes.ts(353,15): error TS2339: Property 'expiresAt' does not exist on type '{ id: string; fromUserId: string; toUserId: string; offeredNftId: string; requestedNftId: string; status: string; txHash: string; createdAt: Date; updatedAt: Date; }'.
../server/nft-swap-routes.ts(353,47): error TS2339: Property 'expiresAt' does not exist on type '{ id: string; fromUserId: string; toUserId: string; offeredNftId: string; requestedNftId: string; status: string; txHash: string; createdAt: Date; updatedAt: Date; }'.
../server/nft-swap-routes.ts(378,35): error TS2339: Property 'handle' does not exist on type '{ [x: string]: any; } | { [x: string]: any; }[]'.
../server/nft-swap-routes.ts(380,76): error TS2339: Property 'xrpAddress' does not exist on type '{ [x: string]: any; } | { [x: string]: any; }[]'.
../server/nft-swap-routes.ts(390,15): error TS2339: Property 'makerHandle' does not exist on type '{ id: string; fromUserId: string; toUserId: string; offeredNftId: string; requestedNftId: string; status: string; txHash: string; createdAt: Date; updatedAt: Date; }'.
../server/nft-swap-routes.ts(398,54): error TS2345: Argument of type '{ image?: string; name?: string; chain?: string; contract?: string; tokenId?: string; estimatedValue?: number; }[]' is not assignable to parameter of type '{ chain: string; contract: string; tokenId: string; }[]'.
../server/nft-swap-routes.ts(414,24): error TS2339: Property 'escrowRef' does not exist on type '{ id: string; fromUserId: string; toUserId: string; offeredNftId: string; requestedNftId: string; status: string; txHash: string; createdAt: Date; updatedAt: Date; }'.
../server/nft-swap-routes.ts(438,26): error TS2339: Property 'makerHandle' does not exist on type '{ id: string; fromUserId: string; toUserId: string; offeredNftId: string; requestedNftId: string; status: string; txHash: string; createdAt: Date; updatedAt: Date; }'.
../server/nft-swap-routes.ts(439,26): error TS2339: Property 'makerWallet' does not exist on type '{ id: string; fromUserId: string; toUserId: string; offeredNftId: string; requestedNftId: string; status: string; txHash: string; createdAt: Date; updatedAt: Date; }'.
../server/nft-swap-routes.ts(440,33): error TS2339: Property 'description' does not exist on type '{ id: string; fromUserId: string; toUserId: string; offeredNftId: string; requestedNftId: string; status: string; txHash: string; createdAt: Date; updatedAt: Date; }'.
../server/nft-swap-routes.ts(441,42): error TS2339: Property 'makerHandle' does not exist on type '{ id: string; fromUserId: string; toUserId: string; offeredNftId: string; requestedNftId: string; status: string; txHash: string; createdAt: Date; updatedAt: Date; }'.
../server/nft-swap-routes.ts(493,35): error TS2339: Property 'handle' does not exist on type '{ [x: string]: any; } | { [x: string]: any; }[]'.
../server/nft-swap-routes.ts(509,15): error TS2339: Property 'makerHandle' does not exist on type '{ id: string; fromUserId: string; toUserId: string; offeredNftId: string; requestedNftId: string; status: string; txHash: string; createdAt: Date; updatedAt: Date; }'.
../server/nft-swap-routes.ts(604,42): error TS2339: Property 'expiresAt' does not exist on type '{ id: string; fromUserId: string; toUserId: string; offeredNftId: string; requestedNftId: string; status: string; txHash: string; createdAt: Date; updatedAt: Date; }'.
../server/nft-swap-routes.ts(604,74): error TS2339: Property 'expiresAt' does not exist on type '{ id: string; fromUserId: string; toUserId: string; offeredNftId: string; requestedNftId: string; status: string; txHash: string; createdAt: Date; updatedAt: Date; }'.
../server/nft-swap-routes.ts(621,24): error TS2339: Property 'expiresAt' does not exist on type '{ id: string; fromUserId: string; toUserId: string; offeredNftId: string; requestedNftId: string; status: string; txHash: string; createdAt: Date; updatedAt: Date; }'.
../server/nft-swap-routes.ts(622,24): error TS2339: Property 'expiresAt' does not exist on type '{ id: string; fromUserId: string; toUserId: string; offeredNftId: string; requestedNftId: string; status: string; txHash: string; createdAt: Date; updatedAt: Date; }'.
../server/nft-swap-routes.ts(622,56): error TS2339: Property 'expiresAt' does not exist on type '{ id: string; fromUserId: string; toUserId: string; offeredNftId: string; requestedNftId: string; status: string; txHash: string; createdAt: Date; updatedAt: Date; }'.
../server/nft-swap-routes.ts(624,23): error TS2339: Property 'makerHandle' does not exist on type '{ id: string; fromUserId: string; toUserId: string; offeredNftId: string; requestedNftId: string; status: string; txHash: string; createdAt: Date; updatedAt: Date; }'.
../server/nft-swap-routes.ts(625,23): error TS2339: Property 'makerWallet' does not exist on type '{ id: string; fromUserId: string; toUserId: string; offeredNftId: string; requestedNftId: string; status: string; txHash: string; createdAt: Date; updatedAt: Date; }'.
../server/nft-swap-routes.ts(627,20): error TS2339: Property 'takerHandle' does not exist on type '{ id: string; fromUserId: string; toUserId: string; offeredNftId: string; requestedNftId: string; status: string; txHash: string; createdAt: Date; updatedAt: Date; }'.
../server/nft-swap-routes.ts(628,23): error TS2339: Property 'takerHandle' does not exist on type '{ id: string; fromUserId: string; toUserId: string; offeredNftId: string; requestedNftId: string; status: string; txHash: string; createdAt: Date; updatedAt: Date; }'.
../server/nft-swap-routes.ts(629,23): error TS2339: Property 'takerWallet' does not exist on type '{ id: string; fromUserId: string; toUserId: string; offeredNftId: string; requestedNftId: string; status: string; txHash: string; createdAt: Date; updatedAt: Date; }'.
../server/nft-swap-routes.ts(632,20): error TS2339: Property 'escrowRef' does not exist on type '{ id: string; fromUserId: string; toUserId: string; offeredNftId: string; requestedNftId: string; status: string; txHash: string; createdAt: Date; updatedAt: Date; }'.
../server/nft-swap-routes.ts(674,33): error TS2339: Property 'makerHandle' does not exist on type 'PgTableWithColumns<{ name: "nft_swap_offers"; schema: undefined; columns: { id: PgColumn<{ name: "id"; tableName: "nft_swap_offers"; dataType: "string"; columnType: "PgText"; data: string; driverParam: string; notNull: true; ... 7 more ...; generated: undefined; }, {}, {}>; ... 7 more ...; updatedAt: PgColumn<...>; ...'.
../server/nft-swap-routes.ts(682,33): error TS2339: Property 'takerHandle' does not exist on type 'PgTableWithColumns<{ name: "nft_swap_offers"; schema: undefined; columns: { id: PgColumn<{ name: "id"; tableName: "nft_swap_offers"; dataType: "string"; columnType: "PgText"; data: string; driverParam: string; notNull: true; ... 7 more ...; generated: undefined; }, {}, {}>; ... 7 more ...; updatedAt: PgColumn<...>; ...'.
../server/nft-upload-routes.ts(33,38): error TS2339: Property 'walletHandle' does not exist on type '{ handle: string; cachedKeys: any; walletData: any; }'.
../server/nft-upload-routes.ts(49,62): error TS2339: Property 'walletHandle' does not exist on type '{ handle: string; cachedKeys: any; walletData: any; }'.
../server/nft-weapon-minting-service.ts(332,56): error TS2322: Type 'string | NFTokenMintMetadata' is not assignable to type 'object'.
../server/nft/nft-fee-calculator.ts(142,24): error TS2339: Property 'TransferFee' does not exist on type 'AccountNFToken'.
../server/nft/nft-fee-calculator.ts(143,43): error TS2339: Property 'TransferFee' does not exist on type 'AccountNFToken'.
../server/notification-service.ts(169,25): error TS2339: Property 'handle' does not exist on type 'PgTableWithColumns<{ name: "users"; schema: undefined; columns: { id: PgColumn<{ name: "id"; tableName: "users"; dataType: "number"; columnType: "PgSerial"; data: number; driverParam: number; notNull: true; hasDefault: true; ... 6 more ...; generated: undefined; }, {}, {}>; username: PgColumn<...>; password: PgColum...'.
../server/notification-service.ts(185,47): error TS2339: Property 'displayName' does not exist on type '{ id: number; username: string; password: string; }'.
../server/notification-service.ts(190,32): error TS2339: Property 'displayName' does not exist on type '{ id: number; username: string; password: string; }'.
../server/notification-service.ts(191,34): error TS2339: Property 'profileImageUrl' does not exist on type '{ id: number; username: string; password: string; }'.
../server/notification-service.ts(204,25): error TS2339: Property 'handle' does not exist on type 'PgTableWithColumns<{ name: "users"; schema: undefined; columns: { id: PgColumn<{ name: "id"; tableName: "users"; dataType: "number"; columnType: "PgSerial"; data: number; driverParam: number; notNull: true; hasDefault: true; ... 6 more ...; generated: undefined; }, {}, {}>; username: PgColumn<...>; password: PgColum...'.
../server/notification-service.ts(217,33): error TS2339: Property 'displayName' does not exist on type '{ id: number; username: string; password: string; }'.
../server/notification-service.ts(222,35): error TS2339: Property 'displayName' does not exist on type '{ id: number; username: string; password: string; }'.
../server/notification-service.ts(223,37): error TS2339: Property 'profileImageUrl' does not exist on type '{ id: number; username: string; password: string; }'.
../server/payment-endpoints.ts(17,7): error TS2687: All declarations of 'session' must have identical modifiers.
../server/pgp-encryption.ts(3,8): error TS2613: Module '"C:/Users/E-Store/Desktop/riddlezip/riddle-main/server/db"' has no default export. Did you mean to use 'import { db } from "C:/Users/E-Store/Desktop/riddlezip/riddle-main/server/db"' instead?
../server/pgp-encryption.ts(27,7): error TS2769: No overload matches this call.
  Overload 1 of 3, '(options: GenerateKeyOptions & { format?: "armored"; }): Promise<SerializedKeyPair<string> & { revocationCertificate: string; }>', gave the following error.
../server/player-activity-tracker.ts(172,11): error TS2353: Object literal may only specify known properties, and 'oracle_interactions' does not exist in type '{ user_handle?: string | SQL<unknown> | PgColumn<ColumnBaseConfig<ColumnDataType, string>, {}, {}>; wallet_address?: string | SQL<...> | PgColumn<...>; }'.
../server/player-activity-tracker.ts(191,11): error TS2353: Object literal may only specify known properties, and 'social_posts_count' does not exist in type '{ user_handle?: string | SQL<unknown> | PgColumn<ColumnBaseConfig<ColumnDataType, string>, {}, {}>; wallet_address?: string | SQL<...> | PgColumn<...>; }'.
../server/player-activity-tracker.ts(209,11): error TS2353: Object literal may only specify known properties, and 'total_site_time_minutes' does not exist in type '{ user_handle?: string | SQL<unknown> | PgColumn<ColumnBaseConfig<ColumnDataType, string>, {}, {}>; wallet_address?: string | SQL<...> | PgColumn<...>; }'.
../server/player-activity-tracker.ts(259,37): error TS2362: The left-hand side of an arithmetic operation must be of type 'any', 'number', 'bigint' or an enum type.
../server/project-management-routes.ts(185,14): error TS2339: Property 'issuer_wallet' does not exist on type '{ vanitySlug?: string; projectManagers?: string[]; }'.
../server/project-management-routes.ts(185,36): error TS2339: Property 'discovered_from_chain' does not exist on type '{ vanitySlug?: string; projectManagers?: string[]; }'.
../server/project-management-routes.ts(187,14): error TS2339: Property 'discovered_from_chain' does not exist on type '{ vanitySlug?: string; projectManagers?: string[]; }'.
../server/project-management-routes.ts(188,14): error TS2339: Property 'issuer_wallet' does not exist on type '{ vanitySlug?: string; projectManagers?: string[]; }'.
../server/project-management-routes.ts(189,14): error TS2339: Property 'nft_token_taxon' does not exist on type '{ vanitySlug?: string; projectManagers?: string[]; }'.
../server/project-management-routes.ts(189,47): error TS2339: Property 'nft_token_taxon' does not exist on type '{ vanitySlug?: string; projectManagers?: string[]; }'.
../server/project-management-routes.ts(189,84): error TS2339: Property 'nft_token_taxon' does not exist on type '{ vanitySlug?: string; projectManagers?: string[]; }'.
../server/project-management-routes.ts(678,92): error TS2304: Cannot find name 'projectData'.
../server/project-management-routes.ts(679,113): error TS2304: Cannot find name 'projectData'.
../server/project-management-routes.ts(680,98): error TS2304: Cannot find name 'projectData'.
../server/project-management-routes.ts(1026,85): error TS2339: Property 'address' does not exist on type '{}'.
../server/project-management-routes.ts(1026,106): error TS2339: Property 'chain' does not exist on type '{}'.
../server/project-management-routes.ts(1182,81): error TS2339: Property 'chain' does not exist on type '{}'.
../server/project-management-routes.ts(1259,79): error TS2339: Property 'chain' does not exist on type '{}'.
../server/project-service-initializer.ts(240,40): error TS2551: Property 'getWalletProjectLinkByWalletAndProject' does not exist on type 'DatabaseStorage'. Did you mean 'getWalletProjectLinksByProject'?
../server/project-service-initializer.ts(336,9): error TS2739: Type '{ success: false; initializedServices: undefined[]; errors: undefined[]; warnings: undefined[]; }' is missing the following properties from type 'ServiceInitializationResult': retryAttempts, rollbackPerformed, validationResults, executionTime, timestamp
../server/project-service-initializer.ts(371,42): error TS2551: Property 'getChainConfigurationByProject' does not exist on type 'DatabaseStorage'. Did you mean 'getChainConfigurationsByProject'?
../server/rdl-balance-routes.ts(22,69): error TS2339: Property 'riddleHandle' does not exist on type 'PgTableWithColumns<{ name: "wallets"; schema: undefined; columns: { id: PgColumn<{ name: "id"; tableName: "wallets"; dataType: "number"; columnType: "PgSerial"; data: number; driverParam: number; notNull: true; hasDefault: true; ... 6 more ...; generated: undefined; }, {}, {}>; ... 6 more ...; updated_at: PgColumn<....'.
../server/rdl-balance-routes.ts(25,28): error TS2551: Property 'xrpAddress' does not exist on type '{ id: number; user_id: number; address: string; chain: string; wallet_type: string; is_connected: boolean; created_at: Date; updated_at: Date; }'. Did you mean 'address'?
../server/rdl-balance-routes.ts(32,34): error TS2551: Property 'xrpAddress' does not exist on type '{ id: number; user_id: number; address: string; chain: string; wallet_type: string; is_connected: boolean; created_at: Date; updated_at: Date; }'. Did you mean 'address'?
../server/rewards-dashboard-service.ts(234,19): error TS2353: Object literal may only specify known properties, and 'is_currently_held' does not exist in type 'PgUpdateSetSource<PgTableWithColumns<{ name: "nft_collection_holdings"; schema: undefined; columns: { id: PgColumn<{ name: "id"; tableName: "nft_collection_holdings"; dataType: "string"; columnType: "PgText"; data: string; driverParam: string; ... 8 more ...; generated: undefined; }, {}, {}>; ... 10 more ...; last_c...'.
../server/rewards-service.ts(27,8): error TS2724: '"../shared/schema"' has no exported member named 'InsertUserActivityTracking'. Did you mean 'userActivityTracking'?
../server/rewards-service.ts(30,8): error TS2724: '"../shared/schema"' has no exported member named 'UserActivityTracking'. Did you mean 'userActivityTracking'?
../server/rewards-service.ts(312,40): error TS2339: Property 'wallet_address' does not exist on type 'PgTableWithColumns<{ name: "user_activity_tracking"; schema: undefined; columns: { id: PgColumn<{ name: "id"; tableName: "user_activity_tracking"; dataType: "number"; columnType: "PgSerial"; data: number; driverParam: number; ... 8 more ...; generated: undefined; }, {}, {}>; ... 5 more ...; updatedAt: PgColumn<...>;...'.
../server/rewards-service.ts(325,42): error TS2339: Property 'wallet_address' does not exist on type 'PgTableWithColumns<{ name: "user_activity_tracking"; schema: undefined; columns: { id: PgColumn<{ name: "id"; tableName: "user_activity_tracking"; dataType: "number"; columnType: "PgSerial"; data: number; driverParam: number; ... 8 more ...; generated: undefined; }, {}, {}>; ... 5 more ...; updatedAt: PgColumn<...>;...'.
../server/rewards-service.ts(693,71): error TS2339: Property 'wallet_address' does not exist on type 'PgTableWithColumns<{ name: "user_activity_tracking"; schema: undefined; columns: { id: PgColumn<{ name: "id"; tableName: "user_activity_tracking"; dataType: "number"; columnType: "PgSerial"; data: number; driverParam: number; ... 8 more ...; generated: undefined; }, {}, {}>; ... 5 more ...; updatedAt: PgColumn<...>;...'.
../server/rewards-service.ts(696,78): error TS2339: Property 'total_volume_usd' does not exist on type 'PgTableWithColumns<{ name: "user_activity_tracking"; schema: undefined; columns: { id: PgColumn<{ name: "id"; tableName: "user_activity_tracking"; dataType: "number"; columnType: "PgSerial"; data: number; driverParam: number; ... 8 more ...; generated: undefined; }, {}, {}>; ... 5 more ...; updatedAt: PgColumn<...>;...'.
../server/rewards-service.ts(699,74): error TS2339: Property 'wallet_address' does not exist on type 'PgTableWithColumns<{ name: "user_activity_tracking"; schema: undefined; columns: { id: PgColumn<{ name: "id"; tableName: "user_activity_tracking"; dataType: "number"; columnType: "PgSerial"; data: number; driverParam: number; ... 8 more ...; generated: undefined; }, {}, {}>; ... 5 more ...; updatedAt: PgColumn<...>;...'.
../server/rewards-service.ts(701,34): error TS2551: Property 'updated_at' does not exist on type 'PgTableWithColumns<{ name: "user_activity_tracking"; schema: undefined; columns: { id: PgColumn<{ name: "id"; tableName: "user_activity_tracking"; dataType: "number"; columnType: "PgSerial"; data: number; driverParam: number; ... 8 more ...; generated: undefined; }, {}, {}>; ... 5 more ...; updatedAt: PgColumn<...>;...'. Did you mean 'updatedAt'?
../server/rewards-service.ts(702,34): error TS2551: Property 'updated_at' does not exist on type 'PgTableWithColumns<{ name: "user_activity_tracking"; schema: undefined; columns: { id: PgColumn<{ name: "id"; tableName: "user_activity_tracking"; dataType: "number"; columnType: "PgSerial"; data: number; driverParam: number; ... 8 more ...; generated: undefined; }, {}, {}>; ... 5 more ...; updatedAt: PgColumn<...>;...'. Did you mean 'updatedAt'?
../server/rewards-service.ts(850,19): error TS2304: Cannot find name 'walletProjectLinks'.
../server/rewards-service.ts(852,15): error TS2304: Cannot find name 'walletProjectLinks'.
../server/rewards-service.ts(853,41): error TS2304: Cannot find name 'walletProjectLinks'.
../server/rewards-service.ts(854,19): error TS2304: Cannot find name 'walletProjectLinks'.
../server/riddleauthor-routes.ts(110,20): error TS2339: Property 'message_content' does not exist on type '{ id: string; conversation_id: string; message_role: string; role: string; content: string; message_type: string; model_used: string; prompt_tokens: number; completion_tokens: number; total_tokens: number; ... 10 more ...; created_at: Date; }'.
../server/riddleauthor-routes.ts(112,26): error TS2339: Property 'ai_confidence' does not exist on type '{ id: string; conversation_id: string; message_role: string; role: string; content: string; message_type: string; model_used: string; prompt_tokens: number; completion_tokens: number; total_tokens: number; ... 10 more ...; created_at: Date; }'.
../server/riddleauthor-routes.ts(178,36): error TS2339: Property 'id' does not exist on type '{ handle: string; cachedKeys: any; walletData: any; }'.
../server/riddleauthor-routes.ts(220,36): error TS2339: Property 'id' does not exist on type '{ handle: string; cachedKeys: any; walletData: any; }'.
../server/riddleauthor-routes.ts(584,37): error TS2339: Property 'author_handle' does not exist on type 'PgTableWithColumns<{ name: "riddle_author_stories"; schema: undefined; columns: { id: PgColumn<{ name: "id"; tableName: "riddle_author_stories"; dataType: "string"; columnType: "PgText"; data: string; driverParam: string; ... 8 more ...; generated: undefined; }, {}, {}>; ... 22 more ...; updated_at: PgColumn<...>; }...'.
../server/riddleauthor-routes.ts(587,35): error TS2339: Property 'where' does not exist on type 'Omit<PgSelectBase<"riddle_author_stories", { id: PgColumn<{ name: "id"; tableName: "riddle_author_stories"; dataType: "string"; columnType: "PgText"; data: string; driverParam: string; notNull: true; hasDefault: true; ... 6 more ...; generated: undefined; }, {}, {}>; ... 22 more ...; updated_at: PgColumn<...>; }, .....'.
../server/riddleauthor-routes.ts(589,34): error TS2339: Property 'author_handle' does not exist on type 'PgTableWithColumns<{ name: "riddle_author_stories"; schema: undefined; columns: { id: PgColumn<{ name: "id"; tableName: "riddle_author_stories"; dataType: "string"; columnType: "PgText"; data: string; driverParam: string; ... 8 more ...; generated: undefined; }, {}, {}>; ... 22 more ...; updated_at: PgColumn<...>; }...'.
../server/riddleauthor-routes.ts(813,68): error TS2339: Property 'word_count' does not exist on type '{ id: string; title: string; story_type: string; content: string; excerpt: string; generated_for_user: string; generated_for_collection: string; generation_prompt: string; model_used: string; ... 14 more ...; updated_at: Date; }'.
../server/riddleauthor-routes.ts(860,35): error TS2339: Property 'where' does not exist on type 'Omit<PgSelectBase<"riddle_author_knowledge_base", { id: PgColumn<{ name: "id"; tableName: "riddle_author_knowledge_base"; dataType: "string"; columnType: "PgText"; data: string; driverParam: string; notNull: true; ... 7 more ...; generated: undefined; }, {}, {}>; ... 22 more ...; updated_at: PgColumn<...>; }, ... 5 ...'.
../server/route-inventory-system.ts(313,7): error TS2322: Type 'unknown' is not assignable to type 'number'.
../server/route-inventory-system.ts(313,78): error TS2365: Operator '+' cannot be applied to types 'unknown' and 'unknown'.
../server/routes/inquisition-player-routes.ts(112,11): error TS2353: Object literal may only specify known properties, and 'character_class' does not exist in type '{ wallet_address?: string | SQL<unknown> | PgColumn<ColumnBaseConfig<ColumnDataType, string>, {}, {}>; character_name?: string | SQL<...> | PgColumn<...>; }'.
../server/routes/matchmaking-routes.ts(95,23): error TS2339: Property 'level' does not exist on type '{ user_handle: string; player_name: string; total_power: string; squadron_id: string; squadron_name: string; nft_count: number; created_at: Date; }'.
../server/routes/nftscan-routes.ts(35,57): error TS2339: Property 'token_address' does not exist on type 'NFTCollection'.
../server/routes/nftscan-routes.ts(35,85): error TS2339: Property 'address' does not exist on type 'NFTCollection'.
../server/routes/nftscan-routes.ts(39,26): error TS2339: Property 'contract_metadata' does not exist on type 'NFTCollection'.
../server/routes/nftscan-routes.ts(40,26): error TS2339: Property 'contract_metadata' does not exist on type 'NFTCollection'.
../server/routes/nftscan-routes.ts(41,26): error TS2339: Property 'contract_metadata' does not exist on type 'NFTCollection'.
../server/routes/nftscan-routes.ts(42,26): error TS2339: Property 'contract_metadata' does not exist on type 'NFTCollection'.
../server/routes/nftscan-routes.ts(43,24): error TS2339: Property 'logo' does not exist on type 'NFTCollection'.
../server/routes/nftscan-routes.ts(43,43): error TS2339: Property 'contract_metadata' does not exist on type 'NFTCollection'.
../server/routes/nftscan-routes.ts(44,32): error TS2551: Property 'banner_image' does not exist on type 'NFTCollection'. Did you mean 'bannerImage'?
../server/routes/nftscan-routes.ts(44,59): error TS2339: Property 'contract_metadata' does not exist on type 'NFTCollection'.
../server/routes/nftscan-routes.ts(45,57): error TS2339: Property 'contract_metadata' does not exist on type 'NFTCollection'.
../server/routes/nftscan-routes.ts(46,31): error TS2551: Property 'floor_price' does not exist on type 'NFTCollection'. Did you mean 'floorPrice'?
../server/routes/nftscan-routes.ts(47,35): error TS2551: Property 'floor_price_usd' does not exist on type 'NFTCollection'. Did you mean 'floorPrice'?
../server/routes/nftscan-routes.ts(48,30): error TS2551: Property 'volume_24h' does not exist on type 'NFTCollection'. Did you mean 'volume24h'?
../server/routes/nftscan-routes.ts(49,51): error TS2339: Property 'verified_collection' does not exist on type 'NFTCollection'.
../server/routes/nftscan-routes.ts(50,31): error TS2339: Property 'total_tokens' does not exist on type 'NFTCollection'.
../server/routes/nftscan-routes.ts(50,58): error TS2339: Property 'items_total' does not exist on type 'NFTCollection'.
../server/routes/nftscan-routes.ts(51,32): error TS2339: Property 'owner_count' does not exist on type 'NFTCollection'.
../server/routes/nftscan-routes.ts(51,58): error TS2339: Property 'owners_total' does not exist on type 'NFTCollection'.
../server/routes/nftscan-routes.ts(52,30): error TS2339: Property 'market_cap_usd' does not exist on type 'NFTCollection'.
../server/routes/nftscan-routes.ts(53,29): error TS2551: Property 'sales_24h' does not exist on type 'NFTCollection'. Did you mean 'sales24h'?
../server/routes/nftscan-routes.ts(54,37): error TS2339: Property 'average_price_24h' does not exist on type 'NFTCollection'.
../server/routes/riddlecity.ts(553,65): error TS2769: No overload matches this call.
  Overload 1 of 2, '(value: { buildingType: string | SQL<unknown> | Placeholder<string, any>; cityId: number | SQL<unknown> | Placeholder<string, any>; positionX: number | SQL<...> | Placeholder<...>; positionY: number | ... 1 more ... | Placeholder<...>; }): PgInsertBase<...>', gave the following error.
  Overload 2 of 2, '(values: { buildingType: string | SQL<unknown> | Placeholder<string, any>; cityId: number | SQL<unknown> | Placeholder<string, any>; positionX: number | SQL<...> | Placeholder<...>; positionY: number | ... 1 more ... | Placeholder<...>; }[]): PgInsertBase<...>', gave the following error.
../server/routes/riddlecity.ts(575,43): error TS2769: No overload matches this call.
  Overload 1 of 2, '(value: { cityId: number | SQL<unknown> | Placeholder<string, any>; }): PgInsertBase<PgTableWithColumns<{ name: "resource_ticks"; schema: undefined; columns: { id: PgColumn<{ name: "id"; tableName: "resource_ticks"; ... 12 more ...; generated: undefined; }, {}, {}>; ... 7 more ...; tickedAt: PgColumn<...>; }; dialect: "pg"; }>, ... 4 more ..., never>', gave the following error.
  Overload 2 of 2, '(values: { cityId: number | SQL<unknown> | Placeholder<string, any>; }[]): PgInsertBase<PgTableWithColumns<{ name: "resource_ticks"; schema: undefined; columns: { id: PgColumn<{ name: "id"; tableName: "resource_ticks"; ... 12 more ...; generated: undefined; }, {}, {}>; ... 7 more ...; tickedAt: PgColumn<...>; }; dialect: "pg"; }>, ... 4 more ..., never>', gave the following error.
../server/routes/riddlecity.ts(721,43): error TS2769: No overload matches this call.
  Overload 1 of 2, '(value: { cityId: number | SQL<unknown> | Placeholder<string, any>; }): PgInsertBase<PgTableWithColumns<{ name: "resource_ticks"; schema: undefined; columns: { id: PgColumn<{ name: "id"; tableName: "resource_ticks"; ... 12 more ...; generated: undefined; }, {}, {}>; ... 7 more ...; tickedAt: PgColumn<...>; }; dialect: "pg"; }>, ... 4 more ..., never>', gave the following error.
  Overload 2 of 2, '(values: { cityId: number | SQL<unknown> | Placeholder<string, any>; }[]): PgInsertBase<PgTableWithColumns<{ name: "resource_ticks"; schema: undefined; columns: { id: PgColumn<{ name: "id"; tableName: "resource_ticks"; ... 12 more ...; generated: undefined; }, {}, {}>; ... 7 more ...; tickedAt: PgColumn<...>; }; dialect: "pg"; }>, ... 4 more ..., never>', gave the following error.
../server/routes/riddlecity.ts(869,43): error TS2769: No overload matches this call.
  Overload 1 of 2, '(value: { cityId: number | SQL<unknown> | Placeholder<string, any>; }): PgInsertBase<PgTableWithColumns<{ name: "resource_ticks"; schema: undefined; columns: { id: PgColumn<{ name: "id"; tableName: "resource_ticks"; ... 12 more ...; generated: undefined; }, {}, {}>; ... 7 more ...; tickedAt: PgColumn<...>; }; dialect: "pg"; }>, ... 4 more ..., never>', gave the following error.
  Overload 2 of 2, '(values: { cityId: number | SQL<unknown> | Placeholder<string, any>; }[]): PgInsertBase<PgTableWithColumns<{ name: "resource_ticks"; schema: undefined; columns: { id: PgColumn<{ name: "id"; tableName: "resource_ticks"; ... 12 more ...; generated: undefined; }, {}, {}>; ... 7 more ...; tickedAt: PgColumn<...>; }; dialect: "pg"; }>, ... 4 more ..., never>', gave the following error.
../server/routes/riddlecity.ts(1142,43): error TS2769: No overload matches this call.
  Overload 1 of 2, '(value: { cityId: number | SQL<unknown> | Placeholder<string, any>; }): PgInsertBase<PgTableWithColumns<{ name: "resource_ticks"; schema: undefined; columns: { id: PgColumn<{ name: "id"; tableName: "resource_ticks"; ... 12 more ...; generated: undefined; }, {}, {}>; ... 7 more ...; tickedAt: PgColumn<...>; }; dialect: "pg"; }>, ... 4 more ..., never>', gave the following error.
  Overload 2 of 2, '(values: { cityId: number | SQL<unknown> | Placeholder<string, any>; }[]): PgInsertBase<PgTableWithColumns<{ name: "resource_ticks"; schema: undefined; columns: { id: PgColumn<{ name: "id"; tableName: "resource_ticks"; ... 12 more ...; generated: undefined; }, {}, {}>; ... 7 more ...; tickedAt: PgColumn<...>; }; dialect: "pg"; }>, ... 4 more ..., never>', gave the following error.
../server/routes/riddlecity.ts(1249,62): error TS2769: No overload matches this call.
  Overload 1 of 2, '(value: { cityId: number | SQL<unknown> | Placeholder<string, any>; policyType: string | SQL<unknown> | Placeholder<string, any>; }): PgInsertBase<PgTableWithColumns<{ name: "city_policies"; schema: undefined; columns: { ...; }; dialect: "pg"; }>, ... 4 more ..., never>', gave the following error.
  Overload 2 of 2, '(values: { cityId: number | SQL<unknown> | Placeholder<string, any>; policyType: string | SQL<unknown> | Placeholder<string, any>; }[]): PgInsertBase<PgTableWithColumns<{ name: "city_policies"; schema: undefined; columns: { ...; }; dialect: "pg"; }>, ... 4 more ..., never>', gave the following error.
../server/routes/riddlecity.ts(1263,43): error TS2769: No overload matches this call.
  Overload 1 of 2, '(value: { cityId: number | SQL<unknown> | Placeholder<string, any>; }): PgInsertBase<PgTableWithColumns<{ name: "resource_ticks"; schema: undefined; columns: { id: PgColumn<{ name: "id"; tableName: "resource_ticks"; ... 12 more ...; generated: undefined; }, {}, {}>; ... 7 more ...; tickedAt: PgColumn<...>; }; dialect: "pg"; }>, ... 4 more ..., never>', gave the following error.
  Overload 2 of 2, '(values: { cityId: number | SQL<unknown> | Placeholder<string, any>; }[]): PgInsertBase<PgTableWithColumns<{ name: "resource_ticks"; schema: undefined; columns: { id: PgColumn<{ name: "id"; tableName: "resource_ticks"; ... 12 more ...; generated: undefined; }, {}, {}>; ... 7 more ...; tickedAt: PgColumn<...>; }; dialect: "pg"; }>, ... 4 more ..., never>', gave the following error.
../server/routes/riddlecity.ts(1400,43): error TS2769: No overload matches this call.
  Overload 1 of 2, '(value: { cityId: number | SQL<unknown> | Placeholder<string, any>; }): PgInsertBase<PgTableWithColumns<{ name: "resource_ticks"; schema: undefined; columns: { id: PgColumn<{ name: "id"; tableName: "resource_ticks"; ... 12 more ...; generated: undefined; }, {}, {}>; ... 7 more ...; tickedAt: PgColumn<...>; }; dialect: "pg"; }>, ... 4 more ..., never>', gave the following error.
  Overload 2 of 2, '(values: { cityId: number | SQL<unknown> | Placeholder<string, any>; }[]): PgInsertBase<PgTableWithColumns<{ name: "resource_ticks"; schema: undefined; columns: { id: PgColumn<{ name: "id"; tableName: "resource_ticks"; ... 12 more ...; generated: undefined; }, {}, {}>; ... 7 more ...; tickedAt: PgColumn<...>; }; dialect: "pg"; }>, ... 4 more ..., never>', gave the following error.
../server/routes/riddlecity.ts(1488,63): error TS2769: No overload matches this call.
  Overload 1 of 2, '(value: { nftId: string | SQL<unknown> | Placeholder<string, any>; nftTokenId: string | SQL<unknown> | Placeholder<string, any>; cityId: number | SQL<unknown> | Placeholder<...>; nftCollection: string | ... 1 more ... | Placeholder<...>; }): PgInsertBase<...>', gave the following error.
  Overload 2 of 2, '(values: { nftId: string | SQL<unknown> | Placeholder<string, any>; nftTokenId: string | SQL<unknown> | Placeholder<string, any>; cityId: number | SQL<unknown> | Placeholder<...>; nftCollection: string | ... 1 more ... | Placeholder<...>; }[]): PgInsertBase<...>', gave the following error.
../server/routes/riddlecity.ts(1650,39): error TS2339: Property 'defenses' does not exist on type '{ id: number; terrainType: string; plotSize: string; food: string; userHandle: string; cityName: string; landPlotId: string; energy: string; createdAt: Date; updatedAt: Date; population: number; ... 16 more ...; buildings: { ...; }[]; }'.
../server/routes/riddlecity.ts(1652,33): error TS2339: Property 'citizens' does not exist on type '{ id: number; terrainType: string; plotSize: string; food: string; userHandle: string; cityName: string; landPlotId: string; energy: string; createdAt: Date; updatedAt: Date; population: number; ... 16 more ...; buildings: { ...; }[]; }'.
../server/routes/riddlecity.ts(1682,29): error TS2339: Property 'furnishings' does not exist on type '{ id: number; terrainType: string; plotSize: string; food: string; userHandle: string; cityName: string; landPlotId: string; energy: string; createdAt: Date; updatedAt: Date; population: number; ... 16 more ...; buildings: { ...; }[]; }'.
../server/routes/riddlecity.ts(1683,23): error TS2339: Property 'shops' does not exist on type '{ id: number; terrainType: string; plotSize: string; food: string; userHandle: string; cityName: string; landPlotId: string; energy: string; createdAt: Date; updatedAt: Date; population: number; ... 16 more ...; buildings: { ...; }[]; }'.
../server/routes/riddlecity.ts(1688,25): error TS2339: Property 'defenses' does not exist on type '{ id: number; terrainType: string; plotSize: string; food: string; userHandle: string; cityName: string; landPlotId: string; energy: string; createdAt: Date; updatedAt: Date; population: number; ... 16 more ...; buildings: { ...; }[]; }'.
../server/routes/riddlecity.ts(1692,32): error TS2339: Property 'policies' does not exist on type '{ id: number; terrainType: string; plotSize: string; food: string; userHandle: string; cityName: string; landPlotId: string; energy: string; createdAt: Date; updatedAt: Date; population: number; ... 16 more ...; buildings: { ...; }[]; }'.
../server/routes/riddlecity.ts(1695,23): error TS2339: Property 'citizens' does not exist on type '{ id: number; terrainType: string; plotSize: string; food: string; userHandle: string; cityName: string; landPlotId: string; energy: string; createdAt: Date; updatedAt: Date; population: number; ... 16 more ...; buildings: { ...; }[]; }'.
../server/routes/token-price.ts(4,1): error TS2528: A module cannot have multiple default exports.
../server/routes/token-price.ts(22,29): error TS2304: Cannot find name 'getAuthenticTokenPrice'.
../server/routes/token-price.ts(54,16): error TS2528: A module cannot have multiple default exports.
../server/routes/weapon-trading-routes.ts(108,60): error TS2769: No overload matches this call.
  Overload 1 of 2, '(value: { expiresAt: Date | SQL<unknown> | Placeholder<string, any>; sellerId: string | SQL<unknown> | Placeholder<string, any>; weaponId: string | SQL<...> | Placeholder<...>; priceDrops: number | ... 1 more ... | Placeholder<...>; sellerXrplAddress: string | ... 1 more ... | Placeholder<...>; }): PgInsertBase<...>', gave the following error.
  Overload 2 of 2, '(values: { expiresAt: Date | SQL<unknown> | Placeholder<string, any>; sellerId: string | SQL<unknown> | Placeholder<string, any>; weaponId: string | SQL<...> | Placeholder<...>; priceDrops: number | ... 1 more ... | Placeholder<...>; sellerXrplAddress: string | ... 1 more ... | Placeholder<...>; }[]): PgInsertBase<...>', gave the following error.
../server/scanner-routes-evm.ts(195,60): error TS2345: Argument of type 'string | ParsedQs | (string | ParsedQs)[]' is not assignable to parameter of type 'string'.
../server/scanner-routes-evm.ts(222,56): error TS2345: Argument of type 'string | ParsedQs | (string | ParsedQs)[]' is not assignable to parameter of type 'string'.
../server/scanner-routes-solana.ts(165,54): error TS2345: Argument of type 'string | ParsedQs | (string | ParsedQs)[]' is not assignable to parameter of type 'string'.
../server/services/nft-battle-stats-service.ts(106,9): error TS2353: Object literal may only specify known properties, and 'battles_participated' does not exist in type '{ nft_id?: string | SQL<unknown> | PgColumn<ColumnBaseConfig<ColumnDataType, string>, {}, {}>; collection_id?: string | SQL<unknown> | PgColumn<...>; owner_address?: string | ... 1 more ... | PgColumn<...>; }'.
../server/test-broker-audit.ts(189,20): error TS2339: Property 'nftTokenId' does not exist on type '{ id: string; userHandle: string; buyerHandle: string; platformType: string; issuerAddress: string; issuerPrivateKey: string; taxon: string; buyerAddress: string; brokerAddress: string; mintCost: string; ... 29 more ...; failureReason: string; }'.
../server/test-broker-audit.ts(190,48): error TS2339: Property 'nftTokenId' does not exist on type '{ id: string; userHandle: string; buyerHandle: string; platformType: string; issuerAddress: string; issuerPrivateKey: string; taxon: string; buyerAddress: string; brokerAddress: string; mintCost: string; ... 29 more ...; failureReason: string; }'.
